192.168.128.2 - - [04/Dec/2019:12:50:21 +0000] "DELETE /lhls/audio/English/chunk-stream0-00355.m4s HTTP/1.1" 200 2 "-" "Lavf/58.35.101"
192.168.128.2 - - [04/Dec/2019:12:50:21 +0000] "PUT /lhls/audio/English/manifest.mpd HTTP/1.1" 200 2 "-" "Lavf/58.35.101"
192.168.128.2 - - [04/Dec/2019:12:50:21 +0000] "PUT /lhls/audio/English/master.m3u8 HTTP/1.1" 200 2 "-" "Lavf/58.35.101"
192.168.128.2 - - [04/Dec/2019:12:50:21 +0000] "PUT /lhls/audio/English/media_0.m3u8 HTTP/1.1" 200 2 "-" "Lavf/58.35.101"
192.168.128.1 - - [04/Dec/2019:12:50:21 +0000] "GET /lhls/audio/English/media_0.m3u8 HTTP/1.1" 200 341 "http://localhost:8080/lhls/desktop.html" "Mozilla/5.0 (X11; Linux x86_64) AppleWebKit/537.36 (KHTML, like Gecko) Chrome/78.0.3904.108 Safari/537.36"
192.168.128.1 - - [04/Dec/2019:12:50:21 +0000] "GET /lhls/audio/English/chunk-stream0-00361.m4s HTTP/1.1" 200 2751 "http://localhost:8080/lhls/desktop.html" "Mozilla/5.0 (X11; Linux x86_64) AppleWebKit/537.36 (KHTML, like Gecko) Chrome/78.0.3904.108 Safari/537.36"
192.168.128.1 - - [04/Dec/2019:12:50:21 +0000] "GET /lhls/channels.php?callback=jpstat HTTP/1.1" 200 336 "http://localhost:8080/lhls/desktop.html" "Mozilla/5.0 (X11; Linux x86_64) AppleWebKit/537.36 (KHTML, like Gecko) Chrome/78.0.3904.108 Safari/537.36"
192.168.128.2 - - [04/Dec/2019:12:50:21 +0000] "PUT /lhls/audio/English/chunk-stream0-00362.m4s HTTP/1.1" 200 2 "-" "Lavf/58.35.101"
192.168.128.2 - - [04/Dec/2019:12:50:21 +0000] "DELETE /lhls/audio/English/chunk-stream0-00356.m4s HTTP/1.1" 200 2 "-" "Lavf/58.35.101"
192.168.128.2 - - [04/Dec/2019:12:50:21 +0000] "PUT /lhls/audio/English/manifest.mpd HTTP/1.1" 200 2 "-" "Lavf/58.35.101"
192.168.128.2 - - [04/Dec/2019:12:50:21 +0000] "PUT /lhls/audio/English/master.m3u8 HTTP/1.1" 200 2 "-" "Lavf/58.35.101"
192.168.128.2 - - [04/Dec/2019:12:50:21 +0000] "PUT /lhls/audio/English/media_0.m3u8 HTTP/1.1" 200 2 "-" "Lavf/58.35.101"
192.168.128.1 - - [04/Dec/2019:12:50:21 +0000] "GET /lhls/audio/English/media_0.m3u8 HTTP/1.1" 200 341 "http://localhost:8080/lhls/desktop.html" "Mozilla/5.0 (X11; Linux x86_64) AppleWebKit/537.36 (KHTML, like Gecko) Chrome/78.0.3904.108 Safari/537.36"
192.168.128.1 - - [04/Dec/2019:12:50:21 +0000] "GET /lhls/audio/English/chunk-stream0-00362.m4s HTTP/1.1" 200 2741 "http://localhost:8080/lhls/desktop.html" "Mozilla/5.0 (X11; Linux x86_64) AppleWebKit/537.36 (KHTML, like Gecko) Chrome/78.0.3904.108 Safari/537.36"
192.168.210.126 - - [04/Dec/2019:12:50:21 +0000] "GET /lhls/channels.php?callback=jpstat HTTP/1.1" 200 334 "http://192.168.210.90:8080/lhls/" "Mozilla/5.0 (Linux; Android 9; SM-G950F) AppleWebKit/537.36 (KHTML, like Gecko) Chrome/78.0.3904.108 Mobile Safari/537.36"
192.168.128.2 - - [04/Dec/2019:12:50:21 +0000] "PUT /lhls/audio/English/chunk-stream0-00363.m4s HTTP/1.1" 200 2 "-" "Lavf/58.35.101"
192.168.128.2 - - [04/Dec/2019:12:50:22 +0000] "DELETE /lhls/audio/English/chunk-stream0-00357.m4s HTTP/1.1" 200 2 "-" "Lavf/58.35.101"
192.168.128.2 - - [04/Dec/2019:12:50:22 +0000] "PUT /lhls/audio/English/manifest.mpd HTTP/1.1" 200 2 "-" "Lavf/58.35.101"
192.168.128.2 - - [04/Dec/2019:12:50:22 +0000] "PUT /lhls/audio/English/master.m3u8 HTTP/1.1" 200 2 "-" "Lavf/58.35.101"
192.168.128.2 - - [04/Dec/2019:12:50:22 +0000] "PUT /lhls/audio/English/media_0.m3u8 HTTP/1.1" 200 2 "-" "Lavf/58.35.101"
192.168.128.1 - - [04/Dec/2019:12:50:22 +0000] "GET /lhls/audio/English/media_0.m3u8 HTTP/1.1" 200 341 "http://localhost:8080/lhls/desktop.html" "Mozilla/5.0 (X11; Linux x86_64) AppleWebKit/537.36 (KHTML, like Gecko) Chrome/78.0.3904.108 Safari/537.36"
192.168.128.1 - - [04/Dec/2019:12:50:22 +0000] "GET /lhls/audio/English/chunk-stream0-00363.m4s HTTP/1.1" 200 2734 "http://localhost:8080/lhls/desktop.html" "Mozilla/5.0 (X11; Linux x86_64) AppleWebKit/537.36 (KHTML, like Gecko) Chrome/78.0.3904.108 Safari/537.36"
192.168.210.126 - - [04/Dec/2019:12:50:22 +0000] "GET /lhls/ HTTP/1.1" 200 3213 "-" "Mozilla/5.0 (Linux; Android 9; SM-G950F) AppleWebKit/537.36 (KHTML, like Gecko) Chrome/78.0.3904.108 Mobile Safari/537.36"
192.168.128.2 - - [04/Dec/2019:12:50:22 +0000] "PUT /lhls/audio/English/chunk-stream0-00364.m4s HTTP/1.1" 200 2 "-" "Lavf/58.35.101"
192.168.128.2 - - [04/Dec/2019:12:50:22 +0000] "DELETE /lhls/audio/English/chunk-stream0-00358.m4s HTTP/1.1" 200 2 "-" "Lavf/58.35.101"
192.168.210.126 - - [04/Dec/2019:12:50:22 +0000] "GET /lhls/js/lang.js?v1 HTTP/1.1" 200 5634 "http://192.168.210.90:8080/lhls/" "Mozilla/5.0 (Linux; Android 9; SM-G950F) AppleWebKit/537.36 (KHTML, like Gecko) Chrome/78.0.3904.108 Mobile Safari/537.36"
192.168.210.126 - - [04/Dec/2019:12:50:22 +0000] "GET /lhls/js/common.js?v1 HTTP/1.1" 200 5825 "http://192.168.210.90:8080/lhls/" "Mozilla/5.0 (Linux; Android 9; SM-G950F) AppleWebKit/537.36 (KHTML, like Gecko) Chrome/78.0.3904.108 Mobile Safari/537.36"
192.168.210.126 - - [04/Dec/2019:12:50:22 +0000] "GET /lhls/js/player.js?v1 HTTP/1.1" 200 7795 "http://192.168.210.90:8080/lhls/" "Mozilla/5.0 (Linux; Android 9; SM-G950F) AppleWebKit/537.36 (KHTML, like Gecko) Chrome/78.0.3904.108 Mobile Safari/537.36"
192.168.128.2 - - [04/Dec/2019:12:50:22 +0000] "PUT /lhls/audio/English/manifest.mpd HTTP/1.1" 200 2 "-" "Lavf/58.35.101"
192.168.128.2 - - [04/Dec/2019:12:50:22 +0000] "PUT /lhls/audio/English/master.m3u8 HTTP/1.1" 200 2 "-" "Lavf/58.35.101"
192.168.128.2 - - [04/Dec/2019:12:50:22 +0000] "PUT /lhls/audio/English/media_0.m3u8 HTTP/1.1" 200 2 "-" "Lavf/58.35.101"
192.168.210.126 - - [04/Dec/2019:12:50:22 +0000] "GET /lhls/css/player.css?v=1 HTTP/1.1" 304 - "http://192.168.210.90:8080/lhls/" "Mozilla/5.0 (Linux; Android 9; SM-G950F) AppleWebKit/537.36 (KHTML, like Gecko) Chrome/78.0.3904.108 Mobile Safari/537.36"
192.168.128.1 - - [04/Dec/2019:12:50:22 +0000] "GET /lhls/audio/English/media_0.m3u8 HTTP/1.1" 200 341 "http://localhost:8080/lhls/desktop.html" "Mozilla/5.0 (X11; Linux x86_64) AppleWebKit/537.36 (KHTML, like Gecko) Chrome/78.0.3904.108 Safari/537.36"
192.168.128.1 - - [04/Dec/2019:12:50:22 +0000] "GET /lhls/audio/English/chunk-stream0-00364.m4s HTTP/1.1" 200 2734 "http://localhost:8080/lhls/desktop.html" "Mozilla/5.0 (X11; Linux x86_64) AppleWebKit/537.36 (KHTML, like Gecko) Chrome/78.0.3904.108 Safari/537.36"
192.168.210.126 - - [04/Dec/2019:12:50:22 +0000] "GET /lhls/img/green.m4v HTTP/1.1" 304 - "http://192.168.210.90:8080/lhls/" "Mozilla/5.0 (Linux; Android 9; SM-G950F) AppleWebKit/537.36 (KHTML, like Gecko) Chrome/78.0.3904.108 Mobile Safari/537.36"
192.168.210.126 - - [04/Dec/2019:12:50:22 +0000] "GET /lhls/qr.php HTTP/1.1" 200 732 "http://192.168.210.90:8080/lhls/" "Mozilla/5.0 (Linux; Android 9; SM-G950F) AppleWebKit/537.36 (KHTML, like Gecko) Chrome/78.0.3904.108 Mobile Safari/537.36"
192.168.210.126 - - [04/Dec/2019:12:50:22 +0000] "GET /lhls/audio/French/media_0.m3u8 HTTP/1.1" 404 276 "http://192.168.210.90:8080/lhls/" "Mozilla/5.0 (Linux; Android 9; SM-G950F) AppleWebKit/537.36 (KHTML, like Gecko) Chrome/78.0.3904.108 Mobile Safari/537.36"
192.168.210.126 - - [04/Dec/2019:12:50:22 +0000] "GET /lhls/channels.php?callback=jpstat HTTP/1.1" 200 334 "http://192.168.210.90:8080/lhls/" "Mozilla/5.0 (Linux; Android 9; SM-G950F) AppleWebKit/537.36 (KHTML, like Gecko) Chrome/78.0.3904.108 Mobile Safari/537.36"
192.168.128.2 - - [04/Dec/2019:12:50:23 +0000] "DELETE /lhls/audio/English/chunk-stream0-00359.m4s HTTP/1.1" 200 2 "-" "Lavf/58.35.101"
192.168.128.2 - - [04/Dec/2019:12:50:23 +0000] "PUT /lhls/audio/English/manifest.mpd HTTP/1.1" 200 2 "-" "Lavf/58.35.101"
192.168.128.2 - - [04/Dec/2019:12:50:23 +0000] "PUT /lhls/audio/English/master.m3u8 HTTP/1.1" 200 2 "-" "Lavf/58.35.101"
192.168.128.2 - - [04/Dec/2019:12:50:23 +0000] "PUT /lhls/audio/English/media_0.m3u8 HTTP/1.1" 200 2 "-" "Lavf/58.35.101"
192.168.128.1 - - [04/Dec/2019:12:50:23 +0000] "GET /lhls/audio/English/media_0.m3u8 HTTP/1.1" 200 341 "http://localhost:8080/lhls/desktop.html" "Mozilla/5.0 (X11; Linux x86_64) AppleWebKit/537.36 (KHTML, like Gecko) Chrome/78.0.3904.108 Safari/537.36"
192.168.128.1 - - [04/Dec/2019:12:50:23 +0000] "GET /lhls/audio/English/chunk-stream0-00365.m4s HTTP/1.1" 200 2746 "http://localhost:8080/lhls/desktop.html" "Mozilla/5.0 (X11; Linux x86_64) AppleWebKit/537.36 (KHTML, like Gecko) Chrome/78.0.3904.108 Safari/537.36"
192.168.128.2 - - [04/Dec/2019:12:50:22 +0000] "PUT /lhls/audio/English/chunk-stream0-00365.m4s HTTP/1.1" 200 2 "-" "Lavf/58.35.101"
192.168.128.2 - - [04/Dec/2019:12:50:23 +0000] "PUT /lhls/audio/English/chunk-stream0-00366.m4s HTTP/1.1" 200 2 "-" "Lavf/58.35.101"
192.168.128.2 - - [04/Dec/2019:12:50:23 +0000] "DELETE /lhls/audio/English/chunk-stream0-00360.m4s HTTP/1.1" 200 2 "-" "Lavf/58.35.101"
192.168.128.2 - - [04/Dec/2019:12:50:23 +0000] "PUT /lhls/audio/English/manifest.mpd HTTP/1.1" 200 2 "-" "Lavf/58.35.101"
192.168.128.2 - - [04/Dec/2019:12:50:23 +0000] "PUT /lhls/audio/English/master.m3u8 HTTP/1.1" 200 2 "-" "Lavf/58.35.101"
192.168.128.2 - - [04/Dec/2019:12:50:23 +0000] "PUT /lhls/audio/English/media_0.m3u8 HTTP/1.1" 200 2 "-" "Lavf/58.35.101"
192.168.128.1 - - [04/Dec/2019:12:50:23 +0000] "GET /lhls/audio/English/media_0.m3u8 HTTP/1.1" 200 341 "http://localhost:8080/lhls/desktop.html" "Mozilla/5.0 (X11; Linux x86_64) AppleWebKit/537.36 (KHTML, like Gecko) Chrome/78.0.3904.108 Safari/537.36"
192.168.128.1 - - [04/Dec/2019:12:50:23 +0000] "GET /lhls/audio/English/chunk-stream0-00366.m4s HTTP/1.1" 200 2759 "http://localhost:8080/lhls/desktop.html" "Mozilla/5.0 (X11; Linux x86_64) AppleWebKit/537.36 (KHTML, like Gecko) Chrome/78.0.3904.108 Safari/537.36"
192.168.128.2 - - [04/Dec/2019:12:50:23 +0000] "PUT /lhls/audio/English/chunk-stream0-00367.m4s HTTP/1.1" 200 2 "-" "Lavf/58.35.101"
192.168.128.2 - - [04/Dec/2019:12:50:24 +0000] "DELETE /lhls/audio/English/chunk-stream0-00361.m4s HTTP/1.1" 200 2 "-" "Lavf/58.35.101"
192.168.128.2 - - [04/Dec/2019:12:50:24 +0000] "PUT /lhls/audio/English/manifest.mpd HTTP/1.1" 200 2 "-" "Lavf/58.35.101"
192.168.128.2 - - [04/Dec/2019:12:50:24 +0000] "PUT /lhls/audio/English/master.m3u8 HTTP/1.1" 200 2 "-" "Lavf/58.35.101"
192.168.128.2 - - [04/Dec/2019:12:50:24 +0000] "PUT /lhls/audio/English/media_0.m3u8 HTTP/1.1" 200 2 "-" "Lavf/58.35.101"
192.168.128.1 - - [04/Dec/2019:12:50:24 +0000] "GET /lhls/audio/English/media_0.m3u8 HTTP/1.1" 200 341 "http://localhost:8080/lhls/desktop.html" "Mozilla/5.0 (X11; Linux x86_64) AppleWebKit/537.36 (KHTML, like Gecko) Chrome/78.0.3904.108 Safari/537.36"
192.168.128.1 - - [04/Dec/2019:12:50:24 +0000] "GET /lhls/audio/English/chunk-stream0-00367.m4s HTTP/1.1" 200 2744 "http://localhost:8080/lhls/desktop.html" "Mozilla/5.0 (X11; Linux x86_64) AppleWebKit/537.36 (KHTML, like Gecko) Chrome/78.0.3904.108 Safari/537.36"
192.168.128.2 - - [04/Dec/2019:12:50:24 +0000] "PUT /lhls/audio/English/chunk-stream0-00368.m4s HTTP/1.1" 200 2 "-" "Lavf/58.35.101"
192.168.128.2 - - [04/Dec/2019:12:50:24 +0000] "DELETE /lhls/audio/English/chunk-stream0-00362.m4s HTTP/1.1" 200 2 "-" "Lavf/58.35.101"
192.168.128.2 - - [04/Dec/2019:12:50:24 +0000] "PUT /lhls/audio/English/manifest.mpd HTTP/1.1" 200 2 "-" "Lavf/58.35.101"
192.168.128.2 - - [04/Dec/2019:12:50:24 +0000] "PUT /lhls/audio/English/master.m3u8 HTTP/1.1" 200 2 "-" "Lavf/58.35.101"
192.168.128.2 - - [04/Dec/2019:12:50:24 +0000] "PUT /lhls/audio/English/media_0.m3u8 HTTP/1.1" 200 2 "-" "Lavf/58.35.101"
192.168.128.1 - - [04/Dec/2019:12:50:24 +0000] "GET /lhls/audio/English/media_0.m3u8 HTTP/1.1" 200 341 "http://localhost:8080/lhls/desktop.html" "Mozilla/5.0 (X11; Linux x86_64) AppleWebKit/537.36 (KHTML, like Gecko) Chrome/78.0.3904.108 Safari/537.36"
192.168.128.1 - - [04/Dec/2019:12:50:24 +0000] "GET /lhls/audio/English/chunk-stream0-00368.m4s HTTP/1.1" 200 2746 "http://localhost:8080/lhls/desktop.html" "Mozilla/5.0 (X11; Linux x86_64) AppleWebKit/537.36 (KHTML, like Gecko) Chrome/78.0.3904.108 Safari/537.36"
192.168.128.2 - - [04/Dec/2019:12:50:24 +0000] "PUT /lhls/audio/English/chunk-stream0-00369.m4s HTTP/1.1" 200 2 "-" "Lavf/58.35.101"
192.168.128.2 - - [04/Dec/2019:12:50:25 +0000] "DELETE /lhls/audio/English/chunk-stream0-00363.m4s HTTP/1.1" 200 2 "-" "Lavf/58.35.101"
192.168.128.2 - - [04/Dec/2019:12:50:25 +0000] "PUT /lhls/audio/English/manifest.mpd HTTP/1.1" 200 2 "-" "Lavf/58.35.101"
192.168.128.2 - - [04/Dec/2019:12:50:25 +0000] "PUT /lhls/audio/English/master.m3u8 HTTP/1.1" 200 2 "-" "Lavf/58.35.101"
192.168.128.2 - - [04/Dec/2019:12:50:25 +0000] "PUT /lhls/audio/English/media_0.m3u8 HTTP/1.1" 200 2 "-" "Lavf/58.35.101"
192.168.128.1 - - [04/Dec/2019:12:50:25 +0000] "GET /lhls/audio/English/media_0.m3u8 HTTP/1.1" 200 341 "http://localhost:8080/lhls/desktop.html" "Mozilla/5.0 (X11; Linux x86_64) AppleWebKit/537.36 (KHTML, like Gecko) Chrome/78.0.3904.108 Safari/537.36"
192.168.128.1 - - [04/Dec/2019:12:50:25 +0000] "GET /lhls/audio/English/chunk-stream0-00369.m4s HTTP/1.1" 200 2740 "http://localhost:8080/lhls/desktop.html" "Mozilla/5.0 (X11; Linux x86_64) AppleWebKit/537.36 (KHTML, like Gecko) Chrome/78.0.3904.108 Safari/537.36"
192.168.128.2 - - [04/Dec/2019:12:50:25 +0000] "PUT /lhls/audio/English/chunk-stream0-00370.m4s HTTP/1.1" 200 2 "-" "Lavf/58.35.101"
192.168.128.2 - - [04/Dec/2019:12:50:25 +0000] "DELETE /lhls/audio/English/chunk-stream0-00364.m4s HTTP/1.1" 200 2 "-" "Lavf/58.35.101"
192.168.128.2 - - [04/Dec/2019:12:50:25 +0000] "PUT /lhls/audio/English/manifest.mpd HTTP/1.1" 200 2 "-" "Lavf/58.35.101"
192.168.128.2 - - [04/Dec/2019:12:50:25 +0000] "PUT /lhls/audio/English/master.m3u8 HTTP/1.1" 200 2 "-" "Lavf/58.35.101"
192.168.128.2 - - [04/Dec/2019:12:50:25 +0000] "PUT /lhls/audio/English/media_0.m3u8 HTTP/1.1" 200 2 "-" "Lavf/58.35.101"
192.168.128.1 - - [04/Dec/2019:12:50:25 +0000] "GET /lhls/audio/English/media_0.m3u8 HTTP/1.1" 200 341 "http://localhost:8080/lhls/desktop.html" "Mozilla/5.0 (X11; Linux x86_64) AppleWebKit/537.36 (KHTML, like Gecko) Chrome/78.0.3904.108 Safari/537.36"
192.168.128.1 - - [04/Dec/2019:12:50:25 +0000] "GET /lhls/audio/English/chunk-stream0-00370.m4s HTTP/1.1" 200 2738 "http://localhost:8080/lhls/desktop.html" "Mozilla/5.0 (X11; Linux x86_64) AppleWebKit/537.36 (KHTML, like Gecko) Chrome/78.0.3904.108 Safari/537.36"
192.168.128.2 - - [04/Dec/2019:12:50:25 +0000] "PUT /lhls/audio/English/chunk-stream0-00371.m4s HTTP/1.1" 200 2 "-" "Lavf/58.35.101"
192.168.128.2 - - [04/Dec/2019:12:50:26 +0000] "DELETE /lhls/audio/English/chunk-stream0-00365.m4s HTTP/1.1" 200 2 "-" "Lavf/58.35.101"
192.168.128.1 - - [04/Dec/2019:12:50:26 +0000] "GET /lhls/channels.php?callback=jpstat HTTP/1.1" 200 336 "http://localhost:8080/lhls/desktop.html" "Mozilla/5.0 (X11; Linux x86_64) AppleWebKit/537.36 (KHTML, like Gecko) Chrome/78.0.3904.108 Safari/537.36"
192.168.128.2 - - [04/Dec/2019:12:50:26 +0000] "PUT /lhls/audio/English/manifest.mpd HTTP/1.1" 200 2 "-" "Lavf/58.35.101"
192.168.128.2 - - [04/Dec/2019:12:50:26 +0000] "PUT /lhls/audio/English/master.m3u8 HTTP/1.1" 200 2 "-" "Lavf/58.35.101"
192.168.128.2 - - [04/Dec/2019:12:50:26 +0000] "PUT /lhls/audio/English/media_0.m3u8 HTTP/1.1" 200 2 "-" "Lavf/58.35.101"
192.168.128.1 - - [04/Dec/2019:12:50:26 +0000] "GET /lhls/audio/English/media_0.m3u8 HTTP/1.1" 200 341 "http://localhost:8080/lhls/desktop.html" "Mozilla/5.0 (X11; Linux x86_64) AppleWebKit/537.36 (KHTML, like Gecko) Chrome/78.0.3904.108 Safari/537.36"
192.168.128.1 - - [04/Dec/2019:12:50:26 +0000] "GET /lhls/audio/English/chunk-stream0-00371.m4s HTTP/1.1" 200 2759 "http://localhost:8080/lhls/desktop.html" "Mozilla/5.0 (X11; Linux x86_64) AppleWebKit/537.36 (KHTML, like Gecko) Chrome/78.0.3904.108 Safari/537.36"
192.168.128.2 - - [04/Dec/2019:12:50:26 +0000] "PUT /lhls/audio/English/chunk-stream0-00372.m4s HTTP/1.1" 200 2 "-" "Lavf/58.35.101"
192.168.128.2 - - [04/Dec/2019:12:50:26 +0000] "DELETE /lhls/audio/English/chunk-stream0-00366.m4s HTTP/1.1" 200 2 "-" "Lavf/58.35.101"
192.168.128.2 - - [04/Dec/2019:12:50:26 +0000] "PUT /lhls/audio/English/manifest.mpd HTTP/1.1" 200 2 "-" "Lavf/58.35.101"
192.168.128.2 - - [04/Dec/2019:12:50:26 +0000] "PUT /lhls/audio/English/master.m3u8 HTTP/1.1" 200 2 "-" "Lavf/58.35.101"
192.168.128.2 - - [04/Dec/2019:12:50:26 +0000] "PUT /lhls/audio/English/media_0.m3u8 HTTP/1.1" 200 2 "-" "Lavf/58.35.101"
192.168.128.1 - - [04/Dec/2019:12:50:26 +0000] "GET /lhls/audio/English/media_0.m3u8 HTTP/1.1" 200 341 "http://localhost:8080/lhls/desktop.html" "Mozilla/5.0 (X11; Linux x86_64) AppleWebKit/537.36 (KHTML, like Gecko) Chrome/78.0.3904.108 Safari/537.36"
192.168.128.1 - - [04/Dec/2019:12:50:26 +0000] "GET /lhls/audio/English/chunk-stream0-00372.m4s HTTP/1.1" 200 2743 "http://localhost:8080/lhls/desktop.html" "Mozilla/5.0 (X11; Linux x86_64) AppleWebKit/537.36 (KHTML, like Gecko) Chrome/78.0.3904.108 Safari/537.36"
192.168.128.2 - - [04/Dec/2019:12:50:26 +0000] "PUT /lhls/audio/English/chunk-stream0-00373.m4s HTTP/1.1" 200 2 "-" "Lavf/58.35.101"
192.168.128.2 - - [04/Dec/2019:12:50:27 +0000] "DELETE /lhls/audio/English/chunk-stream0-00367.m4s HTTP/1.1" 200 2 "-" "Lavf/58.35.101"
192.168.128.2 - - [04/Dec/2019:12:50:27 +0000] "PUT /lhls/audio/English/manifest.mpd HTTP/1.1" 200 2 "-" "Lavf/58.35.101"
192.168.128.2 - - [04/Dec/2019:12:50:27 +0000] "PUT /lhls/audio/English/master.m3u8 HTTP/1.1" 200 2 "-" "Lavf/58.35.101"
192.168.128.2 - - [04/Dec/2019:12:50:27 +0000] "PUT /lhls/audio/English/media_0.m3u8 HTTP/1.1" 200 2 "-" "Lavf/58.35.101"
192.168.128.1 - - [04/Dec/2019:12:50:27 +0000] "GET /lhls/audio/English/media_0.m3u8 HTTP/1.1" 200 341 "http://localhost:8080/lhls/desktop.html" "Mozilla/5.0 (X11; Linux x86_64) AppleWebKit/537.36 (KHTML, like Gecko) Chrome/78.0.3904.108 Safari/537.36"
192.168.128.1 - - [04/Dec/2019:12:50:27 +0000] "GET /lhls/audio/English/chunk-stream0-00373.m4s HTTP/1.1" 200 2735 "http://localhost:8080/lhls/desktop.html" "Mozilla/5.0 (X11; Linux x86_64) AppleWebKit/537.36 (KHTML, like Gecko) Chrome/78.0.3904.108 Safari/537.36"
192.168.128.2 - - [04/Dec/2019:12:50:27 +0000] "PUT /lhls/audio/English/chunk-stream0-00374.m4s HTTP/1.1" 200 2 "-" "Lavf/58.35.101"
192.168.128.2 - - [04/Dec/2019:12:50:27 +0000] "DELETE /lhls/audio/English/chunk-stream0-00368.m4s HTTP/1.1" 200 2 "-" "Lavf/58.35.101"
192.168.128.2 - - [04/Dec/2019:12:50:27 +0000] "PUT /lhls/audio/English/manifest.mpd HTTP/1.1" 200 2 "-" "Lavf/58.35.101"
192.168.128.2 - - [04/Dec/2019:12:50:27 +0000] "PUT /lhls/audio/English/master.m3u8 HTTP/1.1" 200 2 "-" "Lavf/58.35.101"
192.168.128.2 - - [04/Dec/2019:12:50:27 +0000] "PUT /lhls/audio/English/media_0.m3u8 HTTP/1.1" 200 2 "-" "Lavf/58.35.101"
192.168.128.1 - - [04/Dec/2019:12:50:27 +0000] "GET /lhls/audio/English/media_0.m3u8 HTTP/1.1" 200 341 "http://localhost:8080/lhls/desktop.html" "Mozilla/5.0 (X11; Linux x86_64) AppleWebKit/537.36 (KHTML, like Gecko) Chrome/78.0.3904.108 Safari/537.36"
192.168.128.1 - - [04/Dec/2019:12:50:27 +0000] "GET /lhls/audio/English/chunk-stream0-00374.m4s HTTP/1.1" 200 2751 "http://localhost:8080/lhls/desktop.html" "Mozilla/5.0 (X11; Linux x86_64) AppleWebKit/537.36 (KHTML, like Gecko) Chrome/78.0.3904.108 Safari/537.36"
192.168.210.126 - - [04/Dec/2019:12:50:27 +0000] "GET /lhls/channels.php?callback=jpstat HTTP/1.1" 200 334 "http://192.168.210.90:8080/lhls/" "Mozilla/5.0 (Linux; Android 9; SM-G950F) AppleWebKit/537.36 (KHTML, like Gecko) Chrome/78.0.3904.108 Mobile Safari/537.36"
192.168.128.2 - - [04/Dec/2019:12:50:27 +0000] "PUT /lhls/audio/English/chunk-stream0-00375.m4s HTTP/1.1" 200 2 "-" "Lavf/58.35.101"
192.168.128.2 - - [04/Dec/2019:12:50:28 +0000] "DELETE /lhls/audio/English/chunk-stream0-00369.m4s HTTP/1.1" 200 2 "-" "Lavf/58.35.101"
192.168.128.2 - - [04/Dec/2019:12:50:28 +0000] "PUT /lhls/audio/English/manifest.mpd HTTP/1.1" 200 2 "-" "Lavf/58.35.101"
192.168.128.2 - - [04/Dec/2019:12:50:28 +0000] "PUT /lhls/audio/English/master.m3u8 HTTP/1.1" 200 2 "-" "Lavf/58.35.101"
192.168.128.2 - - [04/Dec/2019:12:50:28 +0000] "PUT /lhls/audio/English/media_0.m3u8 HTTP/1.1" 200 2 "-" "Lavf/58.35.101"
192.168.128.1 - - [04/Dec/2019:12:50:28 +0000] "GET /lhls/audio/English/media_0.m3u8 HTTP/1.1" 200 341 "http://localhost:8080/lhls/desktop.html" "Mozilla/5.0 (X11; Linux x86_64) AppleWebKit/537.36 (KHTML, like Gecko) Chrome/78.0.3904.108 Safari/537.36"
192.168.128.1 - - [04/Dec/2019:12:50:28 +0000] "GET /lhls/audio/English/chunk-stream0-00375.m4s HTTP/1.1" 200 2744 "http://localhost:8080/lhls/desktop.html" "Mozilla/5.0 (X11; Linux x86_64) AppleWebKit/537.36 (KHTML, like Gecko) Chrome/78.0.3904.108 Safari/537.36"
192.168.128.2 - - [04/Dec/2019:12:50:28 +0000] "PUT /lhls/audio/English/chunk-stream0-00376.m4s HTTP/1.1" 200 2 "-" "Lavf/58.35.101"
192.168.128.2 - - [04/Dec/2019:12:50:28 +0000] "DELETE /lhls/audio/English/chunk-stream0-00370.m4s HTTP/1.1" 200 2 "-" "Lavf/58.35.101"
192.168.128.2 - - [04/Dec/2019:12:50:28 +0000] "PUT /lhls/audio/English/manifest.mpd HTTP/1.1" 200 2 "-" "Lavf/58.35.101"
192.168.128.2 - - [04/Dec/2019:12:50:28 +0000] "PUT /lhls/audio/English/master.m3u8 HTTP/1.1" 200 2 "-" "Lavf/58.35.101"
192.168.128.2 - - [04/Dec/2019:12:50:28 +0000] "PUT /lhls/audio/English/media_0.m3u8 HTTP/1.1" 200 2 "-" "Lavf/58.35.101"
192.168.128.1 - - [04/Dec/2019:12:50:28 +0000] "GET /lhls/audio/English/media_0.m3u8 HTTP/1.1" 200 341 "http://localhost:8080/lhls/desktop.html" "Mozilla/5.0 (X11; Linux x86_64) AppleWebKit/537.36 (KHTML, like Gecko) Chrome/78.0.3904.108 Safari/537.36"
192.168.128.1 - - [04/Dec/2019:12:50:28 +0000] "GET /lhls/audio/English/chunk-stream0-00376.m4s HTTP/1.1" 200 2749 "http://localhost:8080/lhls/desktop.html" "Mozilla/5.0 (X11; Linux x86_64) AppleWebKit/537.36 (KHTML, like Gecko) Chrome/78.0.3904.108 Safari/537.36"
192.168.128.2 - - [04/Dec/2019:12:50:28 +0000] "PUT /lhls/audio/English/chunk-stream0-00377.m4s HTTP/1.1" 200 2 "-" "Lavf/58.35.101"
192.168.128.2 - - [04/Dec/2019:12:50:29 +0000] "DELETE /lhls/audio/English/chunk-stream0-00371.m4s HTTP/1.1" 200 2 "-" "Lavf/58.35.101"
192.168.128.2 - - [04/Dec/2019:12:50:29 +0000] "PUT /lhls/audio/English/manifest.mpd HTTP/1.1" 200 2 "-" "Lavf/58.35.101"
192.168.128.2 - - [04/Dec/2019:12:50:29 +0000] "PUT /lhls/audio/English/master.m3u8 HTTP/1.1" 200 2 "-" "Lavf/58.35.101"
192.168.128.2 - - [04/Dec/2019:12:50:29 +0000] "PUT /lhls/audio/English/media_0.m3u8 HTTP/1.1" 200 2 "-" "Lavf/58.35.101"
192.168.128.1 - - [04/Dec/2019:12:50:29 +0000] "GET /lhls/audio/English/media_0.m3u8 HTTP/1.1" 200 341 "http://localhost:8080/lhls/desktop.html" "Mozilla/5.0 (X11; Linux x86_64) AppleWebKit/537.36 (KHTML, like Gecko) Chrome/78.0.3904.108 Safari/537.36"
192.168.128.1 - - [04/Dec/2019:12:50:29 +0000] "GET /lhls/audio/English/chunk-stream0-00377.m4s HTTP/1.1" 200 2726 "http://localhost:8080/lhls/desktop.html" "Mozilla/5.0 (X11; Linux x86_64) AppleWebKit/537.36 (KHTML, like Gecko) Chrome/78.0.3904.108 Safari/537.36"
192.168.128.2 - - [04/Dec/2019:12:50:29 +0000] "PUT /lhls/audio/English/chunk-stream0-00378.m4s HTTP/1.1" 200 2 "-" "Lavf/58.35.101"
192.168.128.2 - - [04/Dec/2019:12:50:29 +0000] "DELETE /lhls/audio/English/chunk-stream0-00372.m4s HTTP/1.1" 200 2 "-" "Lavf/58.35.101"
192.168.128.2 - - [04/Dec/2019:12:50:29 +0000] "PUT /lhls/audio/English/manifest.mpd HTTP/1.1" 200 2 "-" "Lavf/58.35.101"
192.168.128.2 - - [04/Dec/2019:12:50:29 +0000] "PUT /lhls/audio/English/master.m3u8 HTTP/1.1" 200 2 "-" "Lavf/58.35.101"
192.168.128.2 - - [04/Dec/2019:12:50:29 +0000] "PUT /lhls/audio/English/media_0.m3u8 HTTP/1.1" 200 2 "-" "Lavf/58.35.101"
192.168.128.1 - - [04/Dec/2019:12:50:29 +0000] "GET /lhls/audio/English/media_0.m3u8 HTTP/1.1" 200 341 "http://localhost:8080/lhls/desktop.html" "Mozilla/5.0 (X11; Linux x86_64) AppleWebKit/537.36 (KHTML, like Gecko) Chrome/78.0.3904.108 Safari/537.36"
192.168.128.1 - - [04/Dec/2019:12:50:29 +0000] "GET /lhls/audio/English/chunk-stream0-00378.m4s HTTP/1.1" 200 2770 "http://localhost:8080/lhls/desktop.html" "Mozilla/5.0 (X11; Linux x86_64) AppleWebKit/537.36 (KHTML, like Gecko) Chrome/78.0.3904.108 Safari/537.36"
192.168.128.2 - - [04/Dec/2019:12:50:29 +0000] "PUT /lhls/audio/English/chunk-stream0-00379.m4s HTTP/1.1" 200 2 "-" "Lavf/58.35.101"
192.168.128.2 - - [04/Dec/2019:12:50:30 +0000] "DELETE /lhls/audio/English/chunk-stream0-00373.m4s HTTP/1.1" 200 2 "-" "Lavf/58.35.101"
192.168.128.2 - - [04/Dec/2019:12:50:30 +0000] "PUT /lhls/audio/English/manifest.mpd HTTP/1.1" 200 2 "-" "Lavf/58.35.101"
192.168.128.2 - - [04/Dec/2019:12:50:30 +0000] "PUT /lhls/audio/English/master.m3u8 HTTP/1.1" 200 2 "-" "Lavf/58.35.101"
192.168.128.2 - - [04/Dec/2019:12:50:30 +0000] "PUT /lhls/audio/English/media_0.m3u8 HTTP/1.1" 200 2 "-" "Lavf/58.35.101"
192.168.128.1 - - [04/Dec/2019:12:50:30 +0000] "GET /lhls/audio/English/media_0.m3u8 HTTP/1.1" 200 341 "http://localhost:8080/lhls/desktop.html" "Mozilla/5.0 (X11; Linux x86_64) AppleWebKit/537.36 (KHTML, like Gecko) Chrome/78.0.3904.108 Safari/537.36"
192.168.128.1 - - [04/Dec/2019:12:50:30 +0000] "GET /lhls/audio/English/chunk-stream0-00379.m4s HTTP/1.1" 200 2741 "http://localhost:8080/lhls/desktop.html" "Mozilla/5.0 (X11; Linux x86_64) AppleWebKit/537.36 (KHTML, like Gecko) Chrome/78.0.3904.108 Safari/537.36"
192.168.128.2 - - [04/Dec/2019:12:50:30 +0000] "PUT /lhls/audio/English/chunk-stream0-00380.m4s HTTP/1.1" 200 2 "-" "Lavf/58.35.101"
192.168.128.2 - - [04/Dec/2019:12:50:30 +0000] "DELETE /lhls/audio/English/chunk-stream0-00374.m4s HTTP/1.1" 200 2 "-" "Lavf/58.35.101"
192.168.128.2 - - [04/Dec/2019:12:50:30 +0000] "PUT /lhls/audio/English/manifest.mpd HTTP/1.1" 200 2 "-" "Lavf/58.35.101"
192.168.128.2 - - [04/Dec/2019:12:50:30 +0000] "PUT /lhls/audio/English/master.m3u8 HTTP/1.1" 200 2 "-" "Lavf/58.35.101"
192.168.128.2 - - [04/Dec/2019:12:50:30 +0000] "PUT /lhls/audio/English/media_0.m3u8 HTTP/1.1" 200 2 "-" "Lavf/58.35.101"
192.168.128.1 - - [04/Dec/2019:12:50:30 +0000] "GET /lhls/audio/English/media_0.m3u8 HTTP/1.1" 200 341 "http://localhost:8080/lhls/desktop.html" "Mozilla/5.0 (X11; Linux x86_64) AppleWebKit/537.36 (KHTML, like Gecko) Chrome/78.0.3904.108 Safari/537.36"
192.168.128.1 - - [04/Dec/2019:12:50:30 +0000] "GET /lhls/audio/English/chunk-stream0-00380.m4s HTTP/1.1" 200 2731 "http://localhost:8080/lhls/desktop.html" "Mozilla/5.0 (X11; Linux x86_64) AppleWebKit/537.36 (KHTML, like Gecko) Chrome/78.0.3904.108 Safari/537.36"
192.168.128.1 - - [04/Dec/2019:12:50:31 +0000] "GET /lhls/channels.php?callback=jpstat HTTP/1.1" 200 336 "http://localhost:8080/lhls/desktop.html" "Mozilla/5.0 (X11; Linux x86_64) AppleWebKit/537.36 (KHTML, like Gecko) Chrome/78.0.3904.108 Safari/537.36"
192.168.128.2 - - [04/Dec/2019:12:50:30 +0000] "PUT /lhls/audio/English/chunk-stream0-00381.m4s HTTP/1.1" 200 2 "-" "Lavf/58.35.101"
192.168.128.2 - - [04/Dec/2019:12:50:31 +0000] "DELETE /lhls/audio/English/chunk-stream0-00375.m4s HTTP/1.1" 200 2 "-" "Lavf/58.35.101"
192.168.128.2 - - [04/Dec/2019:12:50:31 +0000] "PUT /lhls/audio/English/manifest.mpd HTTP/1.1" 200 2 "-" "Lavf/58.35.101"
192.168.128.2 - - [04/Dec/2019:12:50:31 +0000] "PUT /lhls/audio/English/master.m3u8 HTTP/1.1" 200 2 "-" "Lavf/58.35.101"
192.168.128.2 - - [04/Dec/2019:12:50:31 +0000] "PUT /lhls/audio/English/media_0.m3u8 HTTP/1.1" 200 2 "-" "Lavf/58.35.101"
192.168.128.1 - - [04/Dec/2019:12:50:31 +0000] "GET /lhls/audio/English/media_0.m3u8 HTTP/1.1" 200 341 "http://localhost:8080/lhls/desktop.html" "Mozilla/5.0 (X11; Linux x86_64) AppleWebKit/537.36 (KHTML, like Gecko) Chrome/78.0.3904.108 Safari/537.36"
192.168.128.1 - - [04/Dec/2019:12:50:31 +0000] "GET /lhls/audio/English/chunk-stream0-00381.m4s HTTP/1.1" 200 2738 "http://localhost:8080/lhls/desktop.html" "Mozilla/5.0 (X11; Linux x86_64) AppleWebKit/537.36 (KHTML, like Gecko) Chrome/78.0.3904.108 Safari/537.36"
192.168.128.2 - - [04/Dec/2019:12:50:31 +0000] "PUT /lhls/audio/English/chunk-stream0-00382.m4s HTTP/1.1" 200 2 "-" "Lavf/58.35.101"
192.168.128.2 - - [04/Dec/2019:12:50:31 +0000] "DELETE /lhls/audio/English/chunk-stream0-00376.m4s HTTP/1.1" 200 2 "-" "Lavf/58.35.101"
192.168.128.2 - - [04/Dec/2019:12:50:31 +0000] "PUT /lhls/audio/English/manifest.mpd HTTP/1.1" 200 2 "-" "Lavf/58.35.101"
192.168.128.2 - - [04/Dec/2019:12:50:31 +0000] "PUT /lhls/audio/English/master.m3u8 HTTP/1.1" 200 2 "-" "Lavf/58.35.101"
192.168.128.2 - - [04/Dec/2019:12:50:31 +0000] "PUT /lhls/audio/English/media_0.m3u8 HTTP/1.1" 200 2 "-" "Lavf/58.35.101"
192.168.128.1 - - [04/Dec/2019:12:50:31 +0000] "GET /lhls/audio/English/media_0.m3u8 HTTP/1.1" 200 341 "http://localhost:8080/lhls/desktop.html" "Mozilla/5.0 (X11; Linux x86_64) AppleWebKit/537.36 (KHTML, like Gecko) Chrome/78.0.3904.108 Safari/537.36"
192.168.128.1 - - [04/Dec/2019:12:50:31 +0000] "GET /lhls/audio/English/chunk-stream0-00382.m4s HTTP/1.1" 200 2756 "http://localhost:8080/lhls/desktop.html" "Mozilla/5.0 (X11; Linux x86_64) AppleWebKit/537.36 (KHTML, like Gecko) Chrome/78.0.3904.108 Safari/537.36"
192.168.128.2 - - [04/Dec/2019:12:50:32 +0000] "DELETE /lhls/audio/English/chunk-stream0-00377.m4s HTTP/1.1" 200 2 "-" "Lavf/58.35.101"
192.168.128.2 - - [04/Dec/2019:12:50:31 +0000] "PUT /lhls/audio/English/chunk-stream0-00383.m4s HTTP/1.1" 200 2 "-" "Lavf/58.35.101"
192.168.128.2 - - [04/Dec/2019:12:50:32 +0000] "PUT /lhls/audio/English/manifest.mpd HTTP/1.1" 200 2 "-" "Lavf/58.35.101"
192.168.128.2 - - [04/Dec/2019:12:50:32 +0000] "PUT /lhls/audio/English/master.m3u8 HTTP/1.1" 200 2 "-" "Lavf/58.35.101"
192.168.128.2 - - [04/Dec/2019:12:50:32 +0000] "PUT /lhls/audio/English/media_0.m3u8 HTTP/1.1" 200 2 "-" "Lavf/58.35.101"
192.168.128.1 - - [04/Dec/2019:12:50:32 +0000] "GET /lhls/audio/English/media_0.m3u8 HTTP/1.1" 200 341 "http://localhost:8080/lhls/desktop.html" "Mozilla/5.0 (X11; Linux x86_64) AppleWebKit/537.36 (KHTML, like Gecko) Chrome/78.0.3904.108 Safari/537.36"
192.168.128.1 - - [04/Dec/2019:12:50:32 +0000] "GET /lhls/audio/English/chunk-stream0-00383.m4s HTTP/1.1" 200 2752 "http://localhost:8080/lhls/desktop.html" "Mozilla/5.0 (X11; Linux x86_64) AppleWebKit/537.36 (KHTML, like Gecko) Chrome/78.0.3904.108 Safari/537.36"
192.168.128.2 - - [04/Dec/2019:12:50:32 +0000] "PUT /lhls/audio/English/chunk-stream0-00384.m4s HTTP/1.1" 200 2 "-" "Lavf/58.35.101"
192.168.128.2 - - [04/Dec/2019:12:50:32 +0000] "DELETE /lhls/audio/English/chunk-stream0-00378.m4s HTTP/1.1" 200 2 "-" "Lavf/58.35.101"
192.168.128.2 - - [04/Dec/2019:12:50:32 +0000] "PUT /lhls/audio/English/manifest.mpd HTTP/1.1" 200 2 "-" "Lavf/58.35.101"
192.168.128.2 - - [04/Dec/2019:12:50:32 +0000] "PUT /lhls/audio/English/master.m3u8 HTTP/1.1" 200 2 "-" "Lavf/58.35.101"
192.168.128.2 - - [04/Dec/2019:12:50:32 +0000] "PUT /lhls/audio/English/media_0.m3u8 HTTP/1.1" 200 2 "-" "Lavf/58.35.101"
192.168.128.1 - - [04/Dec/2019:12:50:32 +0000] "GET /lhls/audio/English/media_0.m3u8 HTTP/1.1" 200 341 "http://localhost:8080/lhls/desktop.html" "Mozilla/5.0 (X11; Linux x86_64) AppleWebKit/537.36 (KHTML, like Gecko) Chrome/78.0.3904.108 Safari/537.36"
192.168.128.1 - - [04/Dec/2019:12:50:32 +0000] "GET /lhls/audio/English/chunk-stream0-00384.m4s HTTP/1.1" 200 2743 "http://localhost:8080/lhls/desktop.html" "Mozilla/5.0 (X11; Linux x86_64) AppleWebKit/537.36 (KHTML, like Gecko) Chrome/78.0.3904.108 Safari/537.36"
192.168.210.126 - - [04/Dec/2019:12:50:32 +0000] "GET /lhls/channels.php?callback=jpstat HTTP/1.1" 200 334 "http://192.168.210.90:8080/lhls/" "Mozilla/5.0 (Linux; Android 9; SM-G950F) AppleWebKit/537.36 (KHTML, like Gecko) Chrome/78.0.3904.108 Mobile Safari/537.36"
192.168.128.2 - - [04/Dec/2019:12:50:32 +0000] "PUT /lhls/audio/English/chunk-stream0-00385.m4s HTTP/1.1" 200 2 "-" "Lavf/58.35.101"
192.168.128.2 - - [04/Dec/2019:12:50:33 +0000] "DELETE /lhls/audio/English/chunk-stream0-00379.m4s HTTP/1.1" 200 2 "-" "Lavf/58.35.101"
192.168.128.2 - - [04/Dec/2019:12:50:33 +0000] "PUT /lhls/audio/English/manifest.mpd HTTP/1.1" 200 2 "-" "Lavf/58.35.101"
192.168.128.2 - - [04/Dec/2019:12:50:33 +0000] "PUT /lhls/audio/English/master.m3u8 HTTP/1.1" 200 2 "-" "Lavf/58.35.101"
192.168.128.2 - - [04/Dec/2019:12:50:33 +0000] "PUT /lhls/audio/English/media_0.m3u8 HTTP/1.1" 200 2 "-" "Lavf/58.35.101"
192.168.128.1 - - [04/Dec/2019:12:50:33 +0000] "GET /lhls/audio/English/media_0.m3u8 HTTP/1.1" 200 341 "http://localhost:8080/lhls/desktop.html" "Mozilla/5.0 (X11; Linux x86_64) AppleWebKit/537.36 (KHTML, like Gecko) Chrome/78.0.3904.108 Safari/537.36"
192.168.128.1 - - [04/Dec/2019:12:50:33 +0000] "GET /lhls/audio/English/chunk-stream0-00385.m4s HTTP/1.1" 200 2729 "http://localhost:8080/lhls/desktop.html" "Mozilla/5.0 (X11; Linux x86_64) AppleWebKit/537.36 (KHTML, like Gecko) Chrome/78.0.3904.108 Safari/537.36"
192.168.128.2 - - [04/Dec/2019:12:50:33 +0000] "PUT /lhls/audio/English/chunk-stream0-00386.m4s HTTP/1.1" 200 2 "-" "Lavf/58.35.101"
192.168.128.2 - - [04/Dec/2019:12:50:33 +0000] "DELETE /lhls/audio/English/chunk-stream0-00380.m4s HTTP/1.1" 200 2 "-" "Lavf/58.35.101"
192.168.128.2 - - [04/Dec/2019:12:50:33 +0000] "PUT /lhls/audio/English/manifest.mpd HTTP/1.1" 200 2 "-" "Lavf/58.35.101"
192.168.128.2 - - [04/Dec/2019:12:50:33 +0000] "PUT /lhls/audio/English/master.m3u8 HTTP/1.1" 200 2 "-" "Lavf/58.35.101"
192.168.128.2 - - [04/Dec/2019:12:50:33 +0000] "PUT /lhls/audio/English/media_0.m3u8 HTTP/1.1" 200 2 "-" "Lavf/58.35.101"
192.168.128.1 - - [04/Dec/2019:12:50:33 +0000] "GET /lhls/audio/English/media_0.m3u8 HTTP/1.1" 200 341 "http://localhost:8080/lhls/desktop.html" "Mozilla/5.0 (X11; Linux x86_64) AppleWebKit/537.36 (KHTML, like Gecko) Chrome/78.0.3904.108 Safari/537.36"
192.168.128.1 - - [04/Dec/2019:12:50:33 +0000] "GET /lhls/audio/English/chunk-stream0-00386.m4s HTTP/1.1" 200 2746 "http://localhost:8080/lhls/desktop.html" "Mozilla/5.0 (X11; Linux x86_64) AppleWebKit/537.36 (KHTML, like Gecko) Chrome/78.0.3904.108 Safari/537.36"
192.168.210.126 - - [04/Dec/2019:12:50:34 +0000] "GET /lhls/audio/English/media_0.m3u8 HTTP/1.1" 200 341 "http://192.168.210.90:8080/lhls/" "Mozilla/5.0 (Linux; Android 9; SM-G950F) AppleWebKit/537.36 (KHTML, like Gecko) Chrome/78.0.3904.108 Mobile Safari/537.36"
192.168.210.126 - - [04/Dec/2019:12:50:34 +0000] "GET /lhls/audio/English/media_0.m3u8 HTTP/1.1" 304 - "http://192.168.210.90:8080/lhls/" "Mozilla/5.0 (Linux; Android 9; SM-G950F) AppleWebKit/537.36 (KHTML, like Gecko) Chrome/78.0.3904.108 Mobile Safari/537.36"
192.168.210.126 - - [04/Dec/2019:12:50:34 +0000] "GET /lhls/audio/English/init-stream0.m4s HTTP/1.1" 200 740 "http://192.168.210.90:8080/lhls/" "Mozilla/5.0 (Linux; Android 9; SM-G950F) AppleWebKit/537.36 (KHTML, like Gecko) Chrome/78.0.3904.108 Mobile Safari/537.36"
192.168.210.126 - - [04/Dec/2019:12:50:34 +0000] "GET /lhls/audio/English/chunk-stream0-00385.m4s HTTP/1.1" 200 2729 "http://192.168.210.90:8080/lhls/" "Mozilla/5.0 (Linux; Android 9; SM-G950F) AppleWebKit/537.36 (KHTML, like Gecko) Chrome/78.0.3904.108 Mobile Safari/537.36"
192.168.210.126 - - [04/Dec/2019:12:50:34 +0000] "GET /lhls/audio/English/chunk-stream0-00386.m4s HTTP/1.1" 200 2746 "http://192.168.210.90:8080/lhls/" "Mozilla/5.0 (Linux; Android 9; SM-G950F) AppleWebKit/537.36 (KHTML, like Gecko) Chrome/78.0.3904.108 Mobile Safari/537.36"
192.168.128.2 - - [04/Dec/2019:12:50:33 +0000] "PUT /lhls/audio/English/chunk-stream0-00387.m4s HTTP/1.1" 200 2 "-" "Lavf/58.35.101"
192.168.128.2 - - [04/Dec/2019:12:50:34 +0000] "DELETE /lhls/audio/English/chunk-stream0-00381.m4s HTTP/1.1" 200 2 "-" "Lavf/58.35.101"
192.168.128.2 - - [04/Dec/2019:12:50:34 +0000] "PUT /lhls/audio/English/manifest.mpd HTTP/1.1" 200 2 "-" "Lavf/58.35.101"
192.168.128.2 - - [04/Dec/2019:12:50:34 +0000] "PUT /lhls/audio/English/master.m3u8 HTTP/1.1" 200 2 "-" "Lavf/58.35.101"
192.168.128.2 - - [04/Dec/2019:12:50:34 +0000] "PUT /lhls/audio/English/media_0.m3u8 HTTP/1.1" 200 2 "-" "Lavf/58.35.101"
192.168.128.1 - - [04/Dec/2019:12:50:34 +0000] "GET /lhls/audio/English/media_0.m3u8 HTTP/1.1" 200 341 "http://localhost:8080/lhls/desktop.html" "Mozilla/5.0 (X11; Linux x86_64) AppleWebKit/537.36 (KHTML, like Gecko) Chrome/78.0.3904.108 Safari/537.36"
192.168.128.1 - - [04/Dec/2019:12:50:34 +0000] "GET /lhls/audio/English/chunk-stream0-00387.m4s HTTP/1.1" 200 2751 "http://localhost:8080/lhls/desktop.html" "Mozilla/5.0 (X11; Linux x86_64) AppleWebKit/537.36 (KHTML, like Gecko) Chrome/78.0.3904.108 Safari/537.36"
192.168.210.126 - - [04/Dec/2019:12:50:34 +0000] "GET /lhls/audio/English/media_0.m3u8 HTTP/1.1" 200 341 "http://192.168.210.90:8080/lhls/" "Mozilla/5.0 (Linux; Android 9; SM-G950F) AppleWebKit/537.36 (KHTML, like Gecko) Chrome/78.0.3904.108 Mobile Safari/537.36"
192.168.210.126 - - [04/Dec/2019:12:50:34 +0000] "GET /lhls/audio/English/chunk-stream0-00387.m4s HTTP/1.1" 200 2751 "http://192.168.210.90:8080/lhls/" "Mozilla/5.0 (Linux; Android 9; SM-G950F) AppleWebKit/537.36 (KHTML, like Gecko) Chrome/78.0.3904.108 Mobile Safari/537.36"
192.168.210.126 - - [04/Dec/2019:12:50:34 +0000] "GET /lhls/audio/English/media_0.m3u8 HTTP/1.1" 304 - "http://192.168.210.90:8080/lhls/" "Mozilla/5.0 (Linux; Android 9; SM-G950F) AppleWebKit/537.36 (KHTML, like Gecko) Chrome/78.0.3904.108 Mobile Safari/537.36"
192.168.128.2 - - [04/Dec/2019:12:50:34 +0000] "PUT /lhls/audio/English/chunk-stream0-00388.m4s HTTP/1.1" 200 2 "-" "Lavf/58.35.101"
192.168.128.2 - - [04/Dec/2019:12:50:34 +0000] "DELETE /lhls/audio/English/chunk-stream0-00382.m4s HTTP/1.1" 200 2 "-" "Lavf/58.35.101"
192.168.128.2 - - [04/Dec/2019:12:50:34 +0000] "PUT /lhls/audio/English/manifest.mpd HTTP/1.1" 200 2 "-" "Lavf/58.35.101"
192.168.128.2 - - [04/Dec/2019:12:50:34 +0000] "PUT /lhls/audio/English/master.m3u8 HTTP/1.1" 200 2 "-" "Lavf/58.35.101"
192.168.128.2 - - [04/Dec/2019:12:50:34 +0000] "PUT /lhls/audio/English/media_0.m3u8 HTTP/1.1" 200 2 "-" "Lavf/58.35.101"
192.168.210.126 - - [04/Dec/2019:12:50:34 +0000] "GET /lhls/audio/English/media_0.m3u8 HTTP/1.1" 200 341 "http://192.168.210.90:8080/lhls/" "Mozilla/5.0 (Linux; Android 9; SM-G950F) AppleWebKit/537.36 (KHTML, like Gecko) Chrome/78.0.3904.108 Mobile Safari/537.36"
192.168.128.1 - - [04/Dec/2019:12:50:34 +0000] "GET /lhls/audio/English/media_0.m3u8 HTTP/1.1" 200 341 "http://localhost:8080/lhls/desktop.html" "Mozilla/5.0 (X11; Linux x86_64) AppleWebKit/537.36 (KHTML, like Gecko) Chrome/78.0.3904.108 Safari/537.36"
192.168.128.1 - - [04/Dec/2019:12:50:34 +0000] "GET /lhls/audio/English/chunk-stream0-00388.m4s HTTP/1.1" 200 2738 "http://localhost:8080/lhls/desktop.html" "Mozilla/5.0 (X11; Linux x86_64) AppleWebKit/537.36 (KHTML, like Gecko) Chrome/78.0.3904.108 Safari/537.36"
192.168.210.126 - - [04/Dec/2019:12:50:34 +0000] "GET /lhls/audio/English/chunk-stream0-00388.m4s HTTP/1.1" 200 2738 "http://192.168.210.90:8080/lhls/" "Mozilla/5.0 (Linux; Android 9; SM-G950F) AppleWebKit/537.36 (KHTML, like Gecko) Chrome/78.0.3904.108 Mobile Safari/537.36"
192.168.210.126 - - [04/Dec/2019:12:50:35 +0000] "GET /lhls/audio/English/media_0.m3u8 HTTP/1.1" 304 - "http://192.168.210.90:8080/lhls/" "Mozilla/5.0 (Linux; Android 9; SM-G950F) AppleWebKit/537.36 (KHTML, like Gecko) Chrome/78.0.3904.108 Mobile Safari/537.36"
192.168.210.126 - - [04/Dec/2019:12:50:35 +0000] "GET /lhls/audio/English/media_0.m3u8 HTTP/1.1" 304 - "http://192.168.210.90:8080/lhls/" "Mozilla/5.0 (Linux; Android 9; SM-G950F) AppleWebKit/537.36 (KHTML, like Gecko) Chrome/78.0.3904.108 Mobile Safari/537.36"
192.168.128.2 - - [04/Dec/2019:12:50:34 +0000] "PUT /lhls/audio/English/chunk-stream0-00389.m4s HTTP/1.1" 200 2 "-" "Lavf/58.35.101"
192.168.128.2 - - [04/Dec/2019:12:50:35 +0000] "DELETE /lhls/audio/English/chunk-stream0-00383.m4s HTTP/1.1" 200 2 "-" "Lavf/58.35.101"
192.168.128.2 - - [04/Dec/2019:12:50:35 +0000] "PUT /lhls/audio/English/manifest.mpd HTTP/1.1" 200 2 "-" "Lavf/58.35.101"
192.168.128.2 - - [04/Dec/2019:12:50:35 +0000] "PUT /lhls/audio/English/master.m3u8 HTTP/1.1" 200 2 "-" "Lavf/58.35.101"
192.168.128.2 - - [04/Dec/2019:12:50:35 +0000] "PUT /lhls/audio/English/media_0.m3u8 HTTP/1.1" 200 2 "-" "Lavf/58.35.101"
192.168.210.126 - - [04/Dec/2019:12:50:35 +0000] "GET /lhls/audio/English/media_0.m3u8 HTTP/1.1" 200 341 "http://192.168.210.90:8080/lhls/" "Mozilla/5.0 (Linux; Android 9; SM-G950F) AppleWebKit/537.36 (KHTML, like Gecko) Chrome/78.0.3904.108 Mobile Safari/537.36"
192.168.210.126 - - [04/Dec/2019:12:50:35 +0000] "GET /lhls/audio/English/chunk-stream0-00389.m4s HTTP/1.1" 200 2742 "http://192.168.210.90:8080/lhls/" "Mozilla/5.0 (Linux; Android 9; SM-G950F) AppleWebKit/537.36 (KHTML, like Gecko) Chrome/78.0.3904.108 Mobile Safari/537.36"
192.168.128.1 - - [04/Dec/2019:12:50:35 +0000] "GET /lhls/audio/English/media_0.m3u8 HTTP/1.1" 200 341 "http://localhost:8080/lhls/desktop.html" "Mozilla/5.0 (X11; Linux x86_64) AppleWebKit/537.36 (KHTML, like Gecko) Chrome/78.0.3904.108 Safari/537.36"
192.168.128.1 - - [04/Dec/2019:12:50:35 +0000] "GET /lhls/audio/English/chunk-stream0-00389.m4s HTTP/1.1" 200 2742 "http://localhost:8080/lhls/desktop.html" "Mozilla/5.0 (X11; Linux x86_64) AppleWebKit/537.36 (KHTML, like Gecko) Chrome/78.0.3904.108 Safari/537.36"
192.168.210.126 - - [04/Dec/2019:12:50:35 +0000] "GET /lhls/audio/English/media_0.m3u8 HTTP/1.1" 304 - "http://192.168.210.90:8080/lhls/" "Mozilla/5.0 (Linux; Android 9; SM-G950F) AppleWebKit/537.36 (KHTML, like Gecko) Chrome/78.0.3904.108 Mobile Safari/537.36"
192.168.210.126 - - [04/Dec/2019:12:50:35 +0000] "GET /lhls/audio/English/media_0.m3u8 HTTP/1.1" 304 - "http://192.168.210.90:8080/lhls/" "Mozilla/5.0 (Linux; Android 9; SM-G950F) AppleWebKit/537.36 (KHTML, like Gecko) Chrome/78.0.3904.108 Mobile Safari/537.36"
192.168.128.2 - - [04/Dec/2019:12:50:35 +0000] "PUT /lhls/audio/English/chunk-stream0-00390.m4s HTTP/1.1" 200 2 "-" "Lavf/58.35.101"
192.168.128.2 - - [04/Dec/2019:12:50:35 +0000] "DELETE /lhls/audio/English/chunk-stream0-00384.m4s HTTP/1.1" 200 2 "-" "Lavf/58.35.101"
192.168.128.2 - - [04/Dec/2019:12:50:35 +0000] "PUT /lhls/audio/English/manifest.mpd HTTP/1.1" 200 2 "-" "Lavf/58.35.101"
192.168.128.2 - - [04/Dec/2019:12:50:35 +0000] "PUT /lhls/audio/English/master.m3u8 HTTP/1.1" 200 2 "-" "Lavf/58.35.101"
192.168.128.2 - - [04/Dec/2019:12:50:35 +0000] "PUT /lhls/audio/English/media_0.m3u8 HTTP/1.1" 200 2 "-" "Lavf/58.35.101"
192.168.210.126 - - [04/Dec/2019:12:50:35 +0000] "GET /lhls/audio/English/media_0.m3u8 HTTP/1.1" 200 341 "http://192.168.210.90:8080/lhls/" "Mozilla/5.0 (Linux; Android 9; SM-G950F) AppleWebKit/537.36 (KHTML, like Gecko) Chrome/78.0.3904.108 Mobile Safari/537.36"
192.168.210.126 - - [04/Dec/2019:12:50:35 +0000] "GET /lhls/audio/English/chunk-stream0-00390.m4s HTTP/1.1" 200 2756 "http://192.168.210.90:8080/lhls/" "Mozilla/5.0 (Linux; Android 9; SM-G950F) AppleWebKit/537.36 (KHTML, like Gecko) Chrome/78.0.3904.108 Mobile Safari/537.36"
192.168.128.1 - - [04/Dec/2019:12:50:35 +0000] "GET /lhls/audio/English/media_0.m3u8 HTTP/1.1" 200 341 "http://localhost:8080/lhls/desktop.html" "Mozilla/5.0 (X11; Linux x86_64) AppleWebKit/537.36 (KHTML, like Gecko) Chrome/78.0.3904.108 Safari/537.36"
192.168.128.1 - - [04/Dec/2019:12:50:35 +0000] "GET /lhls/audio/English/chunk-stream0-00390.m4s HTTP/1.1" 200 2756 "http://localhost:8080/lhls/desktop.html" "Mozilla/5.0 (X11; Linux x86_64) AppleWebKit/537.36 (KHTML, like Gecko) Chrome/78.0.3904.108 Safari/537.36"
192.168.210.126 - - [04/Dec/2019:12:50:36 +0000] "GET /lhls/audio/English/media_0.m3u8 HTTP/1.1" 304 - "http://192.168.210.90:8080/lhls/" "Mozilla/5.0 (Linux; Android 9; SM-G950F) AppleWebKit/537.36 (KHTML, like Gecko) Chrome/78.0.3904.108 Mobile Safari/537.36"
192.168.128.1 - - [04/Dec/2019:12:50:36 +0000] "GET /lhls/channels.php?callback=jpstat HTTP/1.1" 200 336 "http://localhost:8080/lhls/desktop.html" "Mozilla/5.0 (X11; Linux x86_64) AppleWebKit/537.36 (KHTML, like Gecko) Chrome/78.0.3904.108 Safari/537.36"
192.168.128.2 - - [04/Dec/2019:12:50:35 +0000] "PUT /lhls/audio/English/chunk-stream0-00391.m4s HTTP/1.1" 200 2 "-" "Lavf/58.35.101"
192.168.128.2 - - [04/Dec/2019:12:50:36 +0000] "DELETE /lhls/audio/English/chunk-stream0-00385.m4s HTTP/1.1" 200 2 "-" "Lavf/58.35.101"
192.168.210.126 - - [04/Dec/2019:12:50:36 +0000] "GET /lhls/audio/English/media_0.m3u8 HTTP/1.1" 304 - "http://192.168.210.90:8080/lhls/" "Mozilla/5.0 (Linux; Android 9; SM-G950F) AppleWebKit/537.36 (KHTML, like Gecko) Chrome/78.0.3904.108 Mobile Safari/537.36"
192.168.128.2 - - [04/Dec/2019:12:50:36 +0000] "PUT /lhls/audio/English/manifest.mpd HTTP/1.1" 200 2 "-" "Lavf/58.35.101"
192.168.128.2 - - [04/Dec/2019:12:50:36 +0000] "PUT /lhls/audio/English/master.m3u8 HTTP/1.1" 200 2 "-" "Lavf/58.35.101"
192.168.128.2 - - [04/Dec/2019:12:50:36 +0000] "PUT /lhls/audio/English/media_0.m3u8 HTTP/1.1" 200 2 "-" "Lavf/58.35.101"
192.168.210.126 - - [04/Dec/2019:12:50:36 +0000] "GET /lhls/audio/English/media_0.m3u8 HTTP/1.1" 200 341 "http://192.168.210.90:8080/lhls/" "Mozilla/5.0 (Linux; Android 9; SM-G950F) AppleWebKit/537.36 (KHTML, like Gecko) Chrome/78.0.3904.108 Mobile Safari/537.36"
192.168.128.1 - - [04/Dec/2019:12:50:36 +0000] "GET /lhls/audio/English/media_0.m3u8 HTTP/1.1" 200 341 "http://localhost:8080/lhls/desktop.html" "Mozilla/5.0 (X11; Linux x86_64) AppleWebKit/537.36 (KHTML, like Gecko) Chrome/78.0.3904.108 Safari/537.36"
192.168.210.126 - - [04/Dec/2019:12:50:36 +0000] "GET /lhls/audio/English/chunk-stream0-00391.m4s HTTP/1.1" 200 2736 "http://192.168.210.90:8080/lhls/" "Mozilla/5.0 (Linux; Android 9; SM-G950F) AppleWebKit/537.36 (KHTML, like Gecko) Chrome/78.0.3904.108 Mobile Safari/537.36"
192.168.128.1 - - [04/Dec/2019:12:50:36 +0000] "GET /lhls/audio/English/chunk-stream0-00391.m4s HTTP/1.1" 200 2736 "http://localhost:8080/lhls/desktop.html" "Mozilla/5.0 (X11; Linux x86_64) AppleWebKit/537.36 (KHTML, like Gecko) Chrome/78.0.3904.108 Safari/537.36"
192.168.210.126 - - [04/Dec/2019:12:50:36 +0000] "GET /lhls/audio/English/media_0.m3u8 HTTP/1.1" 304 - "http://192.168.210.90:8080/lhls/" "Mozilla/5.0 (Linux; Android 9; SM-G950F) AppleWebKit/537.36 (KHTML, like Gecko) Chrome/78.0.3904.108 Mobile Safari/537.36"
192.168.128.2 - - [04/Dec/2019:12:50:36 +0000] "PUT /lhls/audio/English/chunk-stream0-00392.m4s HTTP/1.1" 200 2 "-" "Lavf/58.35.101"
192.168.128.2 - - [04/Dec/2019:12:50:36 +0000] "DELETE /lhls/audio/English/chunk-stream0-00386.m4s HTTP/1.1" 200 2 "-" "Lavf/58.35.101"
192.168.128.2 - - [04/Dec/2019:12:50:36 +0000] "PUT /lhls/audio/English/manifest.mpd HTTP/1.1" 200 2 "-" "Lavf/58.35.101"
192.168.128.2 - - [04/Dec/2019:12:50:36 +0000] "PUT /lhls/audio/English/master.m3u8 HTTP/1.1" 200 2 "-" "Lavf/58.35.101"
192.168.128.2 - - [04/Dec/2019:12:50:36 +0000] "PUT /lhls/audio/English/media_0.m3u8 HTTP/1.1" 200 2 "-" "Lavf/58.35.101"
192.168.210.126 - - [04/Dec/2019:12:50:36 +0000] "GET /lhls/audio/English/media_0.m3u8 HTTP/1.1" 200 341 "http://192.168.210.90:8080/lhls/" "Mozilla/5.0 (Linux; Android 9; SM-G950F) AppleWebKit/537.36 (KHTML, like Gecko) Chrome/78.0.3904.108 Mobile Safari/537.36"
192.168.210.126 - - [04/Dec/2019:12:50:36 +0000] "GET /lhls/audio/English/chunk-stream0-00392.m4s HTTP/1.1" 200 2762 "http://192.168.210.90:8080/lhls/" "Mozilla/5.0 (Linux; Android 9; SM-G950F) AppleWebKit/537.36 (KHTML, like Gecko) Chrome/78.0.3904.108 Mobile Safari/537.36"
192.168.210.126 - - [04/Dec/2019:12:50:36 +0000] "GET /lhls/audio/English/media_0.m3u8 HTTP/1.1" 304 - "http://192.168.210.90:8080/lhls/" "Mozilla/5.0 (Linux; Android 9; SM-G950F) AppleWebKit/537.36 (KHTML, like Gecko) Chrome/78.0.3904.108 Mobile Safari/537.36"
192.168.128.1 - - [04/Dec/2019:12:50:36 +0000] "GET /lhls/audio/English/media_0.m3u8 HTTP/1.1" 200 341 "http://localhost:8080/lhls/desktop.html" "Mozilla/5.0 (X11; Linux x86_64) AppleWebKit/537.36 (KHTML, like Gecko) Chrome/78.0.3904.108 Safari/537.36"
192.168.128.1 - - [04/Dec/2019:12:50:36 +0000] "GET /lhls/audio/English/chunk-stream0-00392.m4s HTTP/1.1" 200 2762 "http://localhost:8080/lhls/desktop.html" "Mozilla/5.0 (X11; Linux x86_64) AppleWebKit/537.36 (KHTML, like Gecko) Chrome/78.0.3904.108 Safari/537.36"
192.168.210.126 - - [04/Dec/2019:12:50:37 +0000] "GET /lhls/audio/English/media_0.m3u8 HTTP/1.1" 304 - "http://192.168.210.90:8080/lhls/" "Mozilla/5.0 (Linux; Android 9; SM-G950F) AppleWebKit/537.36 (KHTML, like Gecko) Chrome/78.0.3904.108 Mobile Safari/537.36"
192.168.128.2 - - [04/Dec/2019:12:50:36 +0000] "PUT /lhls/audio/English/chunk-stream0-00393.m4s HTTP/1.1" 200 2 "-" "Lavf/58.35.101"
192.168.128.2 - - [04/Dec/2019:12:50:37 +0000] "DELETE /lhls/audio/English/chunk-stream0-00387.m4s HTTP/1.1" 200 2 "-" "Lavf/58.35.101"
192.168.128.2 - - [04/Dec/2019:12:50:37 +0000] "PUT /lhls/audio/English/manifest.mpd HTTP/1.1" 200 2 "-" "Lavf/58.35.101"
192.168.128.2 - - [04/Dec/2019:12:50:37 +0000] "PUT /lhls/audio/English/master.m3u8 HTTP/1.1" 200 2 "-" "Lavf/58.35.101"
192.168.128.2 - - [04/Dec/2019:12:50:37 +0000] "PUT /lhls/audio/English/media_0.m3u8 HTTP/1.1" 200 2 "-" "Lavf/58.35.101"
192.168.210.126 - - [04/Dec/2019:12:50:37 +0000] "GET /lhls/audio/English/media_0.m3u8 HTTP/1.1" 200 341 "http://192.168.210.90:8080/lhls/" "Mozilla/5.0 (Linux; Android 9; SM-G950F) AppleWebKit/537.36 (KHTML, like Gecko) Chrome/78.0.3904.108 Mobile Safari/537.36"
192.168.210.126 - - [04/Dec/2019:12:50:37 +0000] "GET /lhls/audio/English/chunk-stream0-00393.m4s HTTP/1.1" 200 2742 "http://192.168.210.90:8080/lhls/" "Mozilla/5.0 (Linux; Android 9; SM-G950F) AppleWebKit/537.36 (KHTML, like Gecko) Chrome/78.0.3904.108 Mobile Safari/537.36"
192.168.128.1 - - [04/Dec/2019:12:50:37 +0000] "GET /lhls/audio/English/media_0.m3u8 HTTP/1.1" 200 341 "http://localhost:8080/lhls/desktop.html" "Mozilla/5.0 (X11; Linux x86_64) AppleWebKit/537.36 (KHTML, like Gecko) Chrome/78.0.3904.108 Safari/537.36"
192.168.128.1 - - [04/Dec/2019:12:50:37 +0000] "GET /lhls/audio/English/chunk-stream0-00393.m4s HTTP/1.1" 200 2742 "http://localhost:8080/lhls/desktop.html" "Mozilla/5.0 (X11; Linux x86_64) AppleWebKit/537.36 (KHTML, like Gecko) Chrome/78.0.3904.108 Safari/537.36"
192.168.210.126 - - [04/Dec/2019:12:50:37 +0000] "GET /lhls/audio/English/media_0.m3u8 HTTP/1.1" 304 - "http://192.168.210.90:8080/lhls/" "Mozilla/5.0 (Linux; Android 9; SM-G950F) AppleWebKit/537.36 (KHTML, like Gecko) Chrome/78.0.3904.108 Mobile Safari/537.36"
