192.168.210.126 - - [04/Dec/2019:12:50:51 +0000] "GET /lhls/audio/English/chunk-stream0-00420.m4s HTTP/1.1" 200 2745 "http://192.168.210.90:8080/lhls/" "Mozilla/5.0 (Linux; Android 9; SM-G950F) AppleWebKit/537.36 (KHTML, like Gecko) Chrome/78.0.3904.108 Mobile Safari/537.36"
192.168.128.2 - - [04/Dec/2019:12:50:51 +0000] "PUT /lhls/audio/English/chunk-stream0-00421.m4s HTTP/1.1" 200 2 "-" "Lavf/58.35.101"
192.168.128.2 - - [04/Dec/2019:12:50:51 +0000] "DELETE /lhls/audio/English/chunk-stream0-00415.m4s HTTP/1.1" 200 2 "-" "Lavf/58.35.101"
192.168.128.2 - - [04/Dec/2019:12:50:51 +0000] "PUT /lhls/audio/English/manifest.mpd HTTP/1.1" 200 2 "-" "Lavf/58.35.101"
192.168.128.2 - - [04/Dec/2019:12:50:51 +0000] "PUT /lhls/audio/English/master.m3u8 HTTP/1.1" 200 2 "-" "Lavf/58.35.101"
192.168.128.2 - - [04/Dec/2019:12:50:51 +0000] "PUT /lhls/audio/English/media_0.m3u8 HTTP/1.1" 200 2 "-" "Lavf/58.35.101"
192.168.128.1 - - [04/Dec/2019:12:50:51 +0000] "GET /lhls/audio/English/media_0.m3u8 HTTP/1.1" 200 341 "http://localhost:8080/lhls/desktop.html" "Mozilla/5.0 (X11; Linux x86_64) AppleWebKit/537.36 (KHTML, like Gecko) Chrome/78.0.3904.108 Safari/537.36"
192.168.128.1 - - [04/Dec/2019:12:50:51 +0000] "GET /lhls/audio/English/chunk-stream0-00421.m4s HTTP/1.1" 200 2822 "http://localhost:8080/lhls/desktop.html" "Mozilla/5.0 (X11; Linux x86_64) AppleWebKit/537.36 (KHTML, like Gecko) Chrome/78.0.3904.108 Safari/537.36"
192.168.210.126 - - [04/Dec/2019:12:50:51 +0000] "GET /lhls/audio/English/media_0.m3u8 HTTP/1.1" 200 341 "http://192.168.210.90:8080/lhls/" "Mozilla/5.0 (Linux; Android 9; SM-G950F) AppleWebKit/537.36 (KHTML, like Gecko) Chrome/78.0.3904.108 Mobile Safari/537.36"
192.168.210.126 - - [04/Dec/2019:12:50:51 +0000] "GET /lhls/audio/English/chunk-stream0-00421.m4s HTTP/1.1" 200 2822 "http://192.168.210.90:8080/lhls/" "Mozilla/5.0 (Linux; Android 9; SM-G950F) AppleWebKit/537.36 (KHTML, like Gecko) Chrome/78.0.3904.108 Mobile Safari/537.36"
192.168.128.2 - - [04/Dec/2019:12:50:51 +0000] "PUT /lhls/audio/English/chunk-stream0-00422.m4s HTTP/1.1" 200 2 "-" "Lavf/58.35.101"
192.168.128.2 - - [04/Dec/2019:12:50:52 +0000] "DELETE /lhls/audio/English/chunk-stream0-00416.m4s HTTP/1.1" 200 2 "-" "Lavf/58.35.101"
192.168.128.2 - - [04/Dec/2019:12:50:52 +0000] "PUT /lhls/audio/English/manifest.mpd HTTP/1.1" 200 2 "-" "Lavf/58.35.101"
192.168.128.2 - - [04/Dec/2019:12:50:52 +0000] "PUT /lhls/audio/English/master.m3u8 HTTP/1.1" 200 2 "-" "Lavf/58.35.101"
192.168.128.2 - - [04/Dec/2019:12:50:52 +0000] "PUT /lhls/audio/English/media_0.m3u8 HTTP/1.1" 200 2 "-" "Lavf/58.35.101"
192.168.128.1 - - [04/Dec/2019:12:50:52 +0000] "GET /lhls/audio/English/media_0.m3u8 HTTP/1.1" 200 341 "http://localhost:8080/lhls/desktop.html" "Mozilla/5.0 (X11; Linux x86_64) AppleWebKit/537.36 (KHTML, like Gecko) Chrome/78.0.3904.108 Safari/537.36"
192.168.128.1 - - [04/Dec/2019:12:50:52 +0000] "GET /lhls/audio/English/chunk-stream0-00422.m4s HTTP/1.1" 200 2692 "http://localhost:8080/lhls/desktop.html" "Mozilla/5.0 (X11; Linux x86_64) AppleWebKit/537.36 (KHTML, like Gecko) Chrome/78.0.3904.108 Safari/537.36"
192.168.210.126 - - [04/Dec/2019:12:50:52 +0000] "GET /lhls/audio/English/media_0.m3u8 HTTP/1.1" 200 341 "http://192.168.210.90:8080/lhls/" "Mozilla/5.0 (Linux; Android 9; SM-G950F) AppleWebKit/537.36 (KHTML, like Gecko) Chrome/78.0.3904.108 Mobile Safari/537.36"
192.168.210.126 - - [04/Dec/2019:12:50:52 +0000] "GET /lhls/audio/English/chunk-stream0-00422.m4s HTTP/1.1" 200 2692 "http://192.168.210.90:8080/lhls/" "Mozilla/5.0 (Linux; Android 9; SM-G950F) AppleWebKit/537.36 (KHTML, like Gecko) Chrome/78.0.3904.108 Mobile Safari/537.36"
192.168.128.2 - - [04/Dec/2019:12:50:52 +0000] "PUT /lhls/audio/English/chunk-stream0-00423.m4s HTTP/1.1" 200 2 "-" "Lavf/58.35.101"
192.168.128.2 - - [04/Dec/2019:12:50:52 +0000] "DELETE /lhls/audio/English/chunk-stream0-00417.m4s HTTP/1.1" 200 2 "-" "Lavf/58.35.101"
192.168.128.2 - - [04/Dec/2019:12:50:52 +0000] "PUT /lhls/audio/English/manifest.mpd HTTP/1.1" 200 2 "-" "Lavf/58.35.101"
192.168.128.2 - - [04/Dec/2019:12:50:52 +0000] "PUT /lhls/audio/English/master.m3u8 HTTP/1.1" 200 2 "-" "Lavf/58.35.101"
192.168.128.2 - - [04/Dec/2019:12:50:52 +0000] "PUT /lhls/audio/English/media_0.m3u8 HTTP/1.1" 200 2 "-" "Lavf/58.35.101"
192.168.128.1 - - [04/Dec/2019:12:50:52 +0000] "GET /lhls/audio/English/media_0.m3u8 HTTP/1.1" 200 341 "http://localhost:8080/lhls/desktop.html" "Mozilla/5.0 (X11; Linux x86_64) AppleWebKit/537.36 (KHTML, like Gecko) Chrome/78.0.3904.108 Safari/537.36"
192.168.128.1 - - [04/Dec/2019:12:50:52 +0000] "GET /lhls/audio/English/chunk-stream0-00423.m4s HTTP/1.1" 200 2725 "http://localhost:8080/lhls/desktop.html" "Mozilla/5.0 (X11; Linux x86_64) AppleWebKit/537.36 (KHTML, like Gecko) Chrome/78.0.3904.108 Safari/537.36"
192.168.210.126 - - [04/Dec/2019:12:50:52 +0000] "GET /lhls/channels.php?callback=jpstat HTTP/1.1" 200 334 "http://192.168.210.90:8080/lhls/" "Mozilla/5.0 (Linux; Android 9; SM-G950F) AppleWebKit/537.36 (KHTML, like Gecko) Chrome/78.0.3904.108 Mobile Safari/537.36"
192.168.210.126 - - [04/Dec/2019:12:50:52 +0000] "GET /lhls/audio/English/media_0.m3u8 HTTP/1.1" 200 341 "http://192.168.210.90:8080/lhls/" "Mozilla/5.0 (Linux; Android 9; SM-G950F) AppleWebKit/537.36 (KHTML, like Gecko) Chrome/78.0.3904.108 Mobile Safari/537.36"
192.168.210.126 - - [04/Dec/2019:12:50:52 +0000] "GET /lhls/audio/English/chunk-stream0-00423.m4s HTTP/1.1" 200 2725 "http://192.168.210.90:8080/lhls/" "Mozilla/5.0 (Linux; Android 9; SM-G950F) AppleWebKit/537.36 (KHTML, like Gecko) Chrome/78.0.3904.108 Mobile Safari/537.36"
192.168.128.2 - - [04/Dec/2019:12:50:52 +0000] "PUT /lhls/audio/English/chunk-stream0-00424.m4s HTTP/1.1" 200 2 "-" "Lavf/58.35.101"
192.168.128.2 - - [04/Dec/2019:12:50:53 +0000] "DELETE /lhls/audio/English/chunk-stream0-00418.m4s HTTP/1.1" 200 2 "-" "Lavf/58.35.101"
192.168.128.2 - - [04/Dec/2019:12:50:53 +0000] "PUT /lhls/audio/English/manifest.mpd HTTP/1.1" 200 2 "-" "Lavf/58.35.101"
192.168.128.2 - - [04/Dec/2019:12:50:53 +0000] "PUT /lhls/audio/English/master.m3u8 HTTP/1.1" 200 2 "-" "Lavf/58.35.101"
192.168.128.2 - - [04/Dec/2019:12:50:53 +0000] "PUT /lhls/audio/English/media_0.m3u8 HTTP/1.1" 200 2 "-" "Lavf/58.35.101"
192.168.128.1 - - [04/Dec/2019:12:50:53 +0000] "GET /lhls/audio/English/media_0.m3u8 HTTP/1.1" 200 341 "http://localhost:8080/lhls/desktop.html" "Mozilla/5.0 (X11; Linux x86_64) AppleWebKit/537.36 (KHTML, like Gecko) Chrome/78.0.3904.108 Safari/537.36"
192.168.128.1 - - [04/Dec/2019:12:50:53 +0000] "GET /lhls/audio/English/chunk-stream0-00424.m4s HTTP/1.1" 200 2753 "http://localhost:8080/lhls/desktop.html" "Mozilla/5.0 (X11; Linux x86_64) AppleWebKit/537.36 (KHTML, like Gecko) Chrome/78.0.3904.108 Safari/537.36"
192.168.210.126 - - [04/Dec/2019:12:50:53 +0000] "GET /lhls/audio/English/media_0.m3u8 HTTP/1.1" 200 341 "http://192.168.210.90:8080/lhls/" "Mozilla/5.0 (Linux; Android 9; SM-G950F) AppleWebKit/537.36 (KHTML, like Gecko) Chrome/78.0.3904.108 Mobile Safari/537.36"
192.168.210.126 - - [04/Dec/2019:12:50:53 +0000] "GET /lhls/audio/English/chunk-stream0-00424.m4s HTTP/1.1" 200 2753 "http://192.168.210.90:8080/lhls/" "Mozilla/5.0 (Linux; Android 9; SM-G950F) AppleWebKit/537.36 (KHTML, like Gecko) Chrome/78.0.3904.108 Mobile Safari/537.36"
192.168.128.2 - - [04/Dec/2019:12:50:53 +0000] "PUT /lhls/audio/English/chunk-stream0-00425.m4s HTTP/1.1" 200 2 "-" "Lavf/58.35.101"
192.168.128.2 - - [04/Dec/2019:12:50:53 +0000] "DELETE /lhls/audio/English/chunk-stream0-00419.m4s HTTP/1.1" 200 2 "-" "Lavf/58.35.101"
192.168.128.2 - - [04/Dec/2019:12:50:53 +0000] "PUT /lhls/audio/English/manifest.mpd HTTP/1.1" 200 2 "-" "Lavf/58.35.101"
192.168.128.2 - - [04/Dec/2019:12:50:53 +0000] "PUT /lhls/audio/English/master.m3u8 HTTP/1.1" 200 2 "-" "Lavf/58.35.101"
192.168.128.2 - - [04/Dec/2019:12:50:53 +0000] "PUT /lhls/audio/English/media_0.m3u8 HTTP/1.1" 200 2 "-" "Lavf/58.35.101"
192.168.128.1 - - [04/Dec/2019:12:50:53 +0000] "GET /lhls/audio/English/media_0.m3u8 HTTP/1.1" 200 341 "http://localhost:8080/lhls/desktop.html" "Mozilla/5.0 (X11; Linux x86_64) AppleWebKit/537.36 (KHTML, like Gecko) Chrome/78.0.3904.108 Safari/537.36"
192.168.128.1 - - [04/Dec/2019:12:50:53 +0000] "GET /lhls/audio/English/chunk-stream0-00425.m4s HTTP/1.1" 200 2746 "http://localhost:8080/lhls/desktop.html" "Mozilla/5.0 (X11; Linux x86_64) AppleWebKit/537.36 (KHTML, like Gecko) Chrome/78.0.3904.108 Safari/537.36"
192.168.210.126 - - [04/Dec/2019:12:50:53 +0000] "GET /lhls/audio/English/media_0.m3u8 HTTP/1.1" 200 341 "http://192.168.210.90:8080/lhls/" "Mozilla/5.0 (Linux; Android 9; SM-G950F) AppleWebKit/537.36 (KHTML, like Gecko) Chrome/78.0.3904.108 Mobile Safari/537.36"
192.168.210.126 - - [04/Dec/2019:12:50:53 +0000] "GET /lhls/audio/English/chunk-stream0-00425.m4s HTTP/1.1" 200 2746 "http://192.168.210.90:8080/lhls/" "Mozilla/5.0 (Linux; Android 9; SM-G950F) AppleWebKit/537.36 (KHTML, like Gecko) Chrome/78.0.3904.108 Mobile Safari/537.36"
192.168.128.2 - - [04/Dec/2019:12:50:53 +0000] "PUT /lhls/audio/English/chunk-stream0-00426.m4s HTTP/1.1" 200 2 "-" "Lavf/58.35.101"
192.168.128.2 - - [04/Dec/2019:12:50:54 +0000] "DELETE /lhls/audio/English/chunk-stream0-00420.m4s HTTP/1.1" 200 2 "-" "Lavf/58.35.101"
192.168.128.2 - - [04/Dec/2019:12:50:54 +0000] "PUT /lhls/audio/English/manifest.mpd HTTP/1.1" 200 2 "-" "Lavf/58.35.101"
192.168.128.2 - - [04/Dec/2019:12:50:54 +0000] "PUT /lhls/audio/English/master.m3u8 HTTP/1.1" 200 2 "-" "Lavf/58.35.101"
192.168.128.2 - - [04/Dec/2019:12:50:54 +0000] "PUT /lhls/audio/English/media_0.m3u8 HTTP/1.1" 200 2 "-" "Lavf/58.35.101"
192.168.128.1 - - [04/Dec/2019:12:50:54 +0000] "GET /lhls/audio/English/media_0.m3u8 HTTP/1.1" 200 341 "http://localhost:8080/lhls/desktop.html" "Mozilla/5.0 (X11; Linux x86_64) AppleWebKit/537.36 (KHTML, like Gecko) Chrome/78.0.3904.108 Safari/537.36"
192.168.128.1 - - [04/Dec/2019:12:50:54 +0000] "GET /lhls/audio/English/chunk-stream0-00426.m4s HTTP/1.1" 200 2729 "http://localhost:8080/lhls/desktop.html" "Mozilla/5.0 (X11; Linux x86_64) AppleWebKit/537.36 (KHTML, like Gecko) Chrome/78.0.3904.108 Safari/537.36"
192.168.210.126 - - [04/Dec/2019:12:50:54 +0000] "GET /lhls/audio/English/media_0.m3u8 HTTP/1.1" 200 341 "http://192.168.210.90:8080/lhls/" "Mozilla/5.0 (Linux; Android 9; SM-G950F) AppleWebKit/537.36 (KHTML, like Gecko) Chrome/78.0.3904.108 Mobile Safari/537.36"
192.168.210.126 - - [04/Dec/2019:12:50:54 +0000] "GET /lhls/audio/English/chunk-stream0-00426.m4s HTTP/1.1" 200 2729 "http://192.168.210.90:8080/lhls/" "Mozilla/5.0 (Linux; Android 9; SM-G950F) AppleWebKit/537.36 (KHTML, like Gecko) Chrome/78.0.3904.108 Mobile Safari/537.36"
192.168.128.2 - - [04/Dec/2019:12:50:54 +0000] "PUT /lhls/audio/English/chunk-stream0-00427.m4s HTTP/1.1" 200 2 "-" "Lavf/58.35.101"
192.168.128.2 - - [04/Dec/2019:12:50:54 +0000] "DELETE /lhls/audio/English/chunk-stream0-00421.m4s HTTP/1.1" 200 2 "-" "Lavf/58.35.101"
192.168.128.2 - - [04/Dec/2019:12:50:54 +0000] "PUT /lhls/audio/English/manifest.mpd HTTP/1.1" 200 2 "-" "Lavf/58.35.101"
192.168.128.2 - - [04/Dec/2019:12:50:54 +0000] "PUT /lhls/audio/English/master.m3u8 HTTP/1.1" 200 2 "-" "Lavf/58.35.101"
192.168.128.2 - - [04/Dec/2019:12:50:54 +0000] "PUT /lhls/audio/English/media_0.m3u8 HTTP/1.1" 200 2 "-" "Lavf/58.35.101"
192.168.128.1 - - [04/Dec/2019:12:50:54 +0000] "GET /lhls/audio/English/media_0.m3u8 HTTP/1.1" 200 341 "http://localhost:8080/lhls/desktop.html" "Mozilla/5.0 (X11; Linux x86_64) AppleWebKit/537.36 (KHTML, like Gecko) Chrome/78.0.3904.108 Safari/537.36"
192.168.128.1 - - [04/Dec/2019:12:50:54 +0000] "GET /lhls/audio/English/chunk-stream0-00427.m4s HTTP/1.1" 200 2746 "http://localhost:8080/lhls/desktop.html" "Mozilla/5.0 (X11; Linux x86_64) AppleWebKit/537.36 (KHTML, like Gecko) Chrome/78.0.3904.108 Safari/537.36"
192.168.210.126 - - [04/Dec/2019:12:50:54 +0000] "GET /lhls/audio/English/media_0.m3u8 HTTP/1.1" 200 341 "http://192.168.210.90:8080/lhls/" "Mozilla/5.0 (Linux; Android 9; SM-G950F) AppleWebKit/537.36 (KHTML, like Gecko) Chrome/78.0.3904.108 Mobile Safari/537.36"
192.168.210.126 - - [04/Dec/2019:12:50:54 +0000] "GET /lhls/audio/English/chunk-stream0-00427.m4s HTTP/1.1" 200 2746 "http://192.168.210.90:8080/lhls/" "Mozilla/5.0 (Linux; Android 9; SM-G950F) AppleWebKit/537.36 (KHTML, like Gecko) Chrome/78.0.3904.108 Mobile Safari/537.36"
192.168.128.2 - - [04/Dec/2019:12:50:54 +0000] "PUT /lhls/audio/English/chunk-stream0-00428.m4s HTTP/1.1" 200 2 "-" "Lavf/58.35.101"
192.168.128.2 - - [04/Dec/2019:12:50:55 +0000] "DELETE /lhls/audio/English/chunk-stream0-00422.m4s HTTP/1.1" 200 2 "-" "Lavf/58.35.101"
192.168.128.2 - - [04/Dec/2019:12:50:55 +0000] "PUT /lhls/audio/English/manifest.mpd HTTP/1.1" 200 2 "-" "Lavf/58.35.101"
192.168.128.2 - - [04/Dec/2019:12:50:55 +0000] "PUT /lhls/audio/English/master.m3u8 HTTP/1.1" 200 2 "-" "Lavf/58.35.101"
192.168.128.2 - - [04/Dec/2019:12:50:55 +0000] "PUT /lhls/audio/English/media_0.m3u8 HTTP/1.1" 200 2 "-" "Lavf/58.35.101"
192.168.128.1 - - [04/Dec/2019:12:50:55 +0000] "GET /lhls/audio/English/media_0.m3u8 HTTP/1.1" 200 341 "http://localhost:8080/lhls/desktop.html" "Mozilla/5.0 (X11; Linux x86_64) AppleWebKit/537.36 (KHTML, like Gecko) Chrome/78.0.3904.108 Safari/537.36"
192.168.128.1 - - [04/Dec/2019:12:50:55 +0000] "GET /lhls/audio/English/chunk-stream0-00428.m4s HTTP/1.1" 200 2747 "http://localhost:8080/lhls/desktop.html" "Mozilla/5.0 (X11; Linux x86_64) AppleWebKit/537.36 (KHTML, like Gecko) Chrome/78.0.3904.108 Safari/537.36"
192.168.210.126 - - [04/Dec/2019:12:50:55 +0000] "GET /lhls/audio/English/media_0.m3u8 HTTP/1.1" 200 341 "http://192.168.210.90:8080/lhls/" "Mozilla/5.0 (Linux; Android 9; SM-G950F) AppleWebKit/537.36 (KHTML, like Gecko) Chrome/78.0.3904.108 Mobile Safari/537.36"
192.168.210.126 - - [04/Dec/2019:12:50:55 +0000] "GET /lhls/audio/English/chunk-stream0-00428.m4s HTTP/1.1" 200 2747 "http://192.168.210.90:8080/lhls/" "Mozilla/5.0 (Linux; Android 9; SM-G950F) AppleWebKit/537.36 (KHTML, like Gecko) Chrome/78.0.3904.108 Mobile Safari/537.36"
192.168.128.1 - - [04/Dec/2019:12:50:55 +0000] "GET /lhls/audio/English/media_0.m3u8 HTTP/1.1" 200 341 "http://localhost:8080/lhls/desktop.html" "Mozilla/5.0 (X11; Linux x86_64) AppleWebKit/537.36 (KHTML, like Gecko) Chrome/78.0.3904.108 Safari/537.36"
192.168.210.126 - - [04/Dec/2019:12:50:55 +0000] "GET /lhls/audio/English/media_0.m3u8 HTTP/1.1" 304 - "http://192.168.210.90:8080/lhls/" "Mozilla/5.0 (Linux; Android 9; SM-G950F) AppleWebKit/537.36 (KHTML, like Gecko) Chrome/78.0.3904.108 Mobile Safari/537.36"
192.168.128.1 - - [04/Dec/2019:12:50:56 +0000] "GET /lhls/audio/English/media_0.m3u8 HTTP/1.1" 200 341 "http://localhost:8080/lhls/desktop.html" "Mozilla/5.0 (X11; Linux x86_64) AppleWebKit/537.36 (KHTML, like Gecko) Chrome/78.0.3904.108 Safari/537.36"
192.168.128.1 - - [04/Dec/2019:12:50:56 +0000] "GET /lhls/channels.php?callback=jpstat HTTP/1.1" 200 336 "http://localhost:8080/lhls/desktop.html" "Mozilla/5.0 (X11; Linux x86_64) AppleWebKit/537.36 (KHTML, like Gecko) Chrome/78.0.3904.108 Safari/537.36"
192.168.210.126 - - [04/Dec/2019:12:50:56 +0000] "GET /lhls/audio/English/media_0.m3u8 HTTP/1.1" 304 - "http://192.168.210.90:8080/lhls/" "Mozilla/5.0 (Linux; Android 9; SM-G950F) AppleWebKit/537.36 (KHTML, like Gecko) Chrome/78.0.3904.108 Mobile Safari/537.36"
192.168.128.1 - - [04/Dec/2019:12:50:56 +0000] "GET /lhls/audio/English/media_0.m3u8 HTTP/1.1" 200 341 "http://localhost:8080/lhls/desktop.html" "Mozilla/5.0 (X11; Linux x86_64) AppleWebKit/537.36 (KHTML, like Gecko) Chrome/78.0.3904.108 Safari/537.36"
192.168.210.126 - - [04/Dec/2019:12:50:56 +0000] "GET /lhls/audio/English/media_0.m3u8 HTTP/1.1" 304 - "http://192.168.210.90:8080/lhls/" "Mozilla/5.0 (Linux; Android 9; SM-G950F) AppleWebKit/537.36 (KHTML, like Gecko) Chrome/78.0.3904.108 Mobile Safari/537.36"
192.168.128.1 - - [04/Dec/2019:12:50:56 +0000] "GET /lhls/audio/English/media_0.m3u8 HTTP/1.1" 200 341 "http://localhost:8080/lhls/desktop.html" "Mozilla/5.0 (X11; Linux x86_64) AppleWebKit/537.36 (KHTML, like Gecko) Chrome/78.0.3904.108 Safari/537.36"
192.168.210.126 - - [04/Dec/2019:12:50:56 +0000] "GET /lhls/audio/English/media_0.m3u8 HTTP/1.1" 304 - "http://192.168.210.90:8080/lhls/" "Mozilla/5.0 (Linux; Android 9; SM-G950F) AppleWebKit/537.36 (KHTML, like Gecko) Chrome/78.0.3904.108 Mobile Safari/537.36"
192.168.128.1 - - [04/Dec/2019:12:50:56 +0000] "GET /lhls/audio/English/media_0.m3u8 HTTP/1.1" 200 341 "http://localhost:8080/lhls/desktop.html" "Mozilla/5.0 (X11; Linux x86_64) AppleWebKit/537.36 (KHTML, like Gecko) Chrome/78.0.3904.108 Safari/537.36"
192.168.210.126 - - [04/Dec/2019:12:50:57 +0000] "GET /lhls/audio/English/media_0.m3u8 HTTP/1.1" 304 - "http://192.168.210.90:8080/lhls/" "Mozilla/5.0 (Linux; Android 9; SM-G950F) AppleWebKit/537.36 (KHTML, like Gecko) Chrome/78.0.3904.108 Mobile Safari/537.36"
192.168.128.1 - - [04/Dec/2019:12:50:57 +0000] "GET /lhls/audio/English/media_0.m3u8 HTTP/1.1" 200 341 "http://localhost:8080/lhls/desktop.html" "Mozilla/5.0 (X11; Linux x86_64) AppleWebKit/537.36 (KHTML, like Gecko) Chrome/78.0.3904.108 Safari/537.36"
192.168.210.126 - - [04/Dec/2019:12:50:57 +0000] "GET /lhls/audio/English/media_0.m3u8 HTTP/1.1" 304 - "http://192.168.210.90:8080/lhls/" "Mozilla/5.0 (Linux; Android 9; SM-G950F) AppleWebKit/537.36 (KHTML, like Gecko) Chrome/78.0.3904.108 Mobile Safari/537.36"
192.168.128.1 - - [04/Dec/2019:12:50:57 +0000] "GET /lhls/audio/English/media_0.m3u8 HTTP/1.1" 200 341 "http://localhost:8080/lhls/desktop.html" "Mozilla/5.0 (X11; Linux x86_64) AppleWebKit/537.36 (KHTML, like Gecko) Chrome/78.0.3904.108 Safari/537.36"
192.168.210.126 - - [04/Dec/2019:12:50:57 +0000] "GET /lhls/audio/English/media_0.m3u8 HTTP/1.1" 304 - "http://192.168.210.90:8080/lhls/" "Mozilla/5.0 (Linux; Android 9; SM-G950F) AppleWebKit/537.36 (KHTML, like Gecko) Chrome/78.0.3904.108 Mobile Safari/537.36"
192.168.128.1 - - [04/Dec/2019:12:50:57 +0000] "GET /lhls/audio/English/media_0.m3u8 HTTP/1.1" 200 341 "http://localhost:8080/lhls/desktop.html" "Mozilla/5.0 (X11; Linux x86_64) AppleWebKit/537.36 (KHTML, like Gecko) Chrome/78.0.3904.108 Safari/537.36"
192.168.210.126 - - [04/Dec/2019:12:50:57 +0000] "GET /lhls/channels.php?callback=jpstat HTTP/1.1" 200 334 "http://192.168.210.90:8080/lhls/" "Mozilla/5.0 (Linux; Android 9; SM-G950F) AppleWebKit/537.36 (KHTML, like Gecko) Chrome/78.0.3904.108 Mobile Safari/537.36"
192.168.210.126 - - [04/Dec/2019:12:50:57 +0000] "GET /lhls/audio/English/media_0.m3u8 HTTP/1.1" 304 - "http://192.168.210.90:8080/lhls/" "Mozilla/5.0 (Linux; Android 9; SM-G950F) AppleWebKit/537.36 (KHTML, like Gecko) Chrome/78.0.3904.108 Mobile Safari/537.36"
192.168.128.1 - - [04/Dec/2019:12:50:58 +0000] "GET /lhls/audio/English/media_0.m3u8 HTTP/1.1" 200 341 "http://localhost:8080/lhls/desktop.html" "Mozilla/5.0 (X11; Linux x86_64) AppleWebKit/537.36 (KHTML, like Gecko) Chrome/78.0.3904.108 Safari/537.36"
192.168.210.126 - - [04/Dec/2019:12:50:58 +0000] "GET /lhls/audio/English/media_0.m3u8 HTTP/1.1" 304 - "http://192.168.210.90:8080/lhls/" "Mozilla/5.0 (Linux; Android 9; SM-G950F) AppleWebKit/537.36 (KHTML, like Gecko) Chrome/78.0.3904.108 Mobile Safari/537.36"
192.168.128.1 - - [04/Dec/2019:12:50:58 +0000] "GET /lhls/audio/English/media_0.m3u8 HTTP/1.1" 200 341 "http://localhost:8080/lhls/desktop.html" "Mozilla/5.0 (X11; Linux x86_64) AppleWebKit/537.36 (KHTML, like Gecko) Chrome/78.0.3904.108 Safari/537.36"
192.168.210.126 - - [04/Dec/2019:12:50:58 +0000] "GET /lhls/audio/English/media_0.m3u8 HTTP/1.1" 304 - "http://192.168.210.90:8080/lhls/" "Mozilla/5.0 (Linux; Android 9; SM-G950F) AppleWebKit/537.36 (KHTML, like Gecko) Chrome/78.0.3904.108 Mobile Safari/537.36"
192.168.128.1 - - [04/Dec/2019:12:50:58 +0000] "GET /lhls/audio/English/media_0.m3u8 HTTP/1.1" 200 341 "http://localhost:8080/lhls/desktop.html" "Mozilla/5.0 (X11; Linux x86_64) AppleWebKit/537.36 (KHTML, like Gecko) Chrome/78.0.3904.108 Safari/537.36"
192.168.210.126 - - [04/Dec/2019:12:50:58 +0000] "GET /lhls/audio/English/media_0.m3u8 HTTP/1.1" 304 - "http://192.168.210.90:8080/lhls/" "Mozilla/5.0 (Linux; Android 9; SM-G950F) AppleWebKit/537.36 (KHTML, like Gecko) Chrome/78.0.3904.108 Mobile Safari/537.36"
192.168.128.1 - - [04/Dec/2019:12:50:58 +0000] "GET /lhls/audio/English/media_0.m3u8 HTTP/1.1" 200 341 "http://localhost:8080/lhls/desktop.html" "Mozilla/5.0 (X11; Linux x86_64) AppleWebKit/537.36 (KHTML, like Gecko) Chrome/78.0.3904.108 Safari/537.36"
192.168.210.126 - - [04/Dec/2019:12:50:59 +0000] "GET /lhls/audio/English/media_0.m3u8 HTTP/1.1" 304 - "http://192.168.210.90:8080/lhls/" "Mozilla/5.0 (Linux; Android 9; SM-G950F) AppleWebKit/537.36 (KHTML, like Gecko) Chrome/78.0.3904.108 Mobile Safari/537.36"
192.168.128.1 - - [04/Dec/2019:12:50:59 +0000] "GET /lhls/audio/English/media_0.m3u8 HTTP/1.1" 200 341 "http://localhost:8080/lhls/desktop.html" "Mozilla/5.0 (X11; Linux x86_64) AppleWebKit/537.36 (KHTML, like Gecko) Chrome/78.0.3904.108 Safari/537.36"
192.168.210.126 - - [04/Dec/2019:12:50:59 +0000] "GET /lhls/audio/English/media_0.m3u8 HTTP/1.1" 304 - "http://192.168.210.90:8080/lhls/" "Mozilla/5.0 (Linux; Android 9; SM-G950F) AppleWebKit/537.36 (KHTML, like Gecko) Chrome/78.0.3904.108 Mobile Safari/537.36"
192.168.128.1 - - [04/Dec/2019:12:50:59 +0000] "GET /lhls/audio/English/media_0.m3u8 HTTP/1.1" 200 341 "http://localhost:8080/lhls/desktop.html" "Mozilla/5.0 (X11; Linux x86_64) AppleWebKit/537.36 (KHTML, like Gecko) Chrome/78.0.3904.108 Safari/537.36"
192.168.210.126 - - [04/Dec/2019:12:50:59 +0000] "GET /lhls/audio/English/media_0.m3u8 HTTP/1.1" 304 - "http://192.168.210.90:8080/lhls/" "Mozilla/5.0 (Linux; Android 9; SM-G950F) AppleWebKit/537.36 (KHTML, like Gecko) Chrome/78.0.3904.108 Mobile Safari/537.36"
192.168.128.1 - - [04/Dec/2019:12:50:59 +0000] "GET /lhls/audio/English/media_0.m3u8 HTTP/1.1" 200 341 "http://localhost:8080/lhls/desktop.html" "Mozilla/5.0 (X11; Linux x86_64) AppleWebKit/537.36 (KHTML, like Gecko) Chrome/78.0.3904.108 Safari/537.36"
192.168.128.1 - - [04/Dec/2019:12:50:59 +0000] "GET /lhls/audio/English/media_0.m3u8 HTTP/1.1" 200 341 "http://localhost:8080/lhls/desktop.html" "Mozilla/5.0 (X11; Linux x86_64) AppleWebKit/537.36 (KHTML, like Gecko) Chrome/78.0.3904.108 Safari/537.36"
192.168.210.126 - - [04/Dec/2019:12:50:59 +0000] "GET /lhls/audio/English/media_0.m3u8 HTTP/1.1" 304 - "http://192.168.210.90:8080/lhls/" "Mozilla/5.0 (Linux; Android 9; SM-G950F) AppleWebKit/537.36 (KHTML, like Gecko) Chrome/78.0.3904.108 Mobile Safari/537.36"
192.168.128.1 - - [04/Dec/2019:12:51:00 +0000] "GET /lhls/audio/English/media_0.m3u8 HTTP/1.1" 200 341 "http://localhost:8080/lhls/desktop.html" "Mozilla/5.0 (X11; Linux x86_64) AppleWebKit/537.36 (KHTML, like Gecko) Chrome/78.0.3904.108 Safari/537.36"
192.168.210.126 - - [04/Dec/2019:12:51:00 +0000] "GET /lhls/audio/English/media_0.m3u8 HTTP/1.1" 304 - "http://192.168.210.90:8080/lhls/" "Mozilla/5.0 (Linux; Android 9; SM-G950F) AppleWebKit/537.36 (KHTML, like Gecko) Chrome/78.0.3904.108 Mobile Safari/537.36"
192.168.128.1 - - [04/Dec/2019:12:51:00 +0000] "GET /lhls/audio/English/media_0.m3u8 HTTP/1.1" 200 341 "http://localhost:8080/lhls/desktop.html" "Mozilla/5.0 (X11; Linux x86_64) AppleWebKit/537.36 (KHTML, like Gecko) Chrome/78.0.3904.108 Safari/537.36"
192.168.210.126 - - [04/Dec/2019:12:51:00 +0000] "GET /lhls/audio/English/media_0.m3u8 HTTP/1.1" 304 - "http://192.168.210.90:8080/lhls/" "Mozilla/5.0 (Linux; Android 9; SM-G950F) AppleWebKit/537.36 (KHTML, like Gecko) Chrome/78.0.3904.108 Mobile Safari/537.36"
192.168.128.1 - - [04/Dec/2019:12:51:00 +0000] "GET /lhls/audio/English/media_0.m3u8 HTTP/1.1" 200 341 "http://localhost:8080/lhls/desktop.html" "Mozilla/5.0 (X11; Linux x86_64) AppleWebKit/537.36 (KHTML, like Gecko) Chrome/78.0.3904.108 Safari/537.36"
192.168.210.126 - - [04/Dec/2019:12:51:00 +0000] "GET /lhls/audio/English/media_0.m3u8 HTTP/1.1" 304 - "http://192.168.210.90:8080/lhls/" "Mozilla/5.0 (Linux; Android 9; SM-G950F) AppleWebKit/537.36 (KHTML, like Gecko) Chrome/78.0.3904.108 Mobile Safari/537.36"
192.168.128.1 - - [04/Dec/2019:12:51:00 +0000] "GET /lhls/audio/English/media_0.m3u8 HTTP/1.1" 200 341 "http://localhost:8080/lhls/desktop.html" "Mozilla/5.0 (X11; Linux x86_64) AppleWebKit/537.36 (KHTML, like Gecko) Chrome/78.0.3904.108 Safari/537.36"
192.168.210.126 - - [04/Dec/2019:12:51:00 +0000] "GET /lhls/audio/English/media_0.m3u8 HTTP/1.1" 304 - "http://192.168.210.90:8080/lhls/" "Mozilla/5.0 (Linux; Android 9; SM-G950F) AppleWebKit/537.36 (KHTML, like Gecko) Chrome/78.0.3904.108 Mobile Safari/537.36"
192.168.128.1 - - [04/Dec/2019:12:51:01 +0000] "GET /lhls/channels.php?callback=jpstat HTTP/1.1" 200 336 "http://localhost:8080/lhls/desktop.html" "Mozilla/5.0 (X11; Linux x86_64) AppleWebKit/537.36 (KHTML, like Gecko) Chrome/78.0.3904.108 Safari/537.36"
192.168.128.1 - - [04/Dec/2019:12:51:01 +0000] "GET /lhls/audio/English/media_0.m3u8 HTTP/1.1" 200 341 "http://localhost:8080/lhls/desktop.html" "Mozilla/5.0 (X11; Linux x86_64) AppleWebKit/537.36 (KHTML, like Gecko) Chrome/78.0.3904.108 Safari/537.36"
192.168.210.126 - - [04/Dec/2019:12:51:01 +0000] "GET /lhls/audio/English/media_0.m3u8 HTTP/1.1" 304 - "http://192.168.210.90:8080/lhls/" "Mozilla/5.0 (Linux; Android 9; SM-G950F) AppleWebKit/537.36 (KHTML, like Gecko) Chrome/78.0.3904.108 Mobile Safari/537.36"
192.168.128.1 - - [04/Dec/2019:12:51:01 +0000] "GET /lhls/audio/English/media_0.m3u8 HTTP/1.1" 200 341 "http://localhost:8080/lhls/desktop.html" "Mozilla/5.0 (X11; Linux x86_64) AppleWebKit/537.36 (KHTML, like Gecko) Chrome/78.0.3904.108 Safari/537.36"
192.168.210.126 - - [04/Dec/2019:12:51:01 +0000] "GET /lhls/audio/English/media_0.m3u8 HTTP/1.1" 304 - "http://192.168.210.90:8080/lhls/" "Mozilla/5.0 (Linux; Android 9; SM-G950F) AppleWebKit/537.36 (KHTML, like Gecko) Chrome/78.0.3904.108 Mobile Safari/537.36"
192.168.128.1 - - [04/Dec/2019:12:51:01 +0000] "GET /lhls/audio/English/media_0.m3u8 HTTP/1.1" 200 341 "http://localhost:8080/lhls/desktop.html" "Mozilla/5.0 (X11; Linux x86_64) AppleWebKit/537.36 (KHTML, like Gecko) Chrome/78.0.3904.108 Safari/537.36"
192.168.210.126 - - [04/Dec/2019:12:51:01 +0000] "GET /lhls/audio/English/media_0.m3u8 HTTP/1.1" 304 - "http://192.168.210.90:8080/lhls/" "Mozilla/5.0 (Linux; Android 9; SM-G950F) AppleWebKit/537.36 (KHTML, like Gecko) Chrome/78.0.3904.108 Mobile Safari/537.36"
192.168.128.1 - - [04/Dec/2019:12:51:01 +0000] "GET /lhls/audio/English/media_0.m3u8 HTTP/1.1" 200 341 "http://localhost:8080/lhls/desktop.html" "Mozilla/5.0 (X11; Linux x86_64) AppleWebKit/537.36 (KHTML, like Gecko) Chrome/78.0.3904.108 Safari/537.36"
192.168.210.126 - - [04/Dec/2019:12:51:02 +0000] "GET /lhls/audio/English/media_0.m3u8 HTTP/1.1" 304 - "http://192.168.210.90:8080/lhls/" "Mozilla/5.0 (Linux; Android 9; SM-G950F) AppleWebKit/537.36 (KHTML, like Gecko) Chrome/78.0.3904.108 Mobile Safari/537.36"
192.168.128.1 - - [04/Dec/2019:12:51:02 +0000] "GET /lhls/audio/English/media_0.m3u8 HTTP/1.1" 200 341 "http://localhost:8080/lhls/desktop.html" "Mozilla/5.0 (X11; Linux x86_64) AppleWebKit/537.36 (KHTML, like Gecko) Chrome/78.0.3904.108 Safari/537.36"
192.168.210.126 - - [04/Dec/2019:12:51:02 +0000] "GET /lhls/audio/English/media_0.m3u8 HTTP/1.1" 304 - "http://192.168.210.90:8080/lhls/" "Mozilla/5.0 (Linux; Android 9; SM-G950F) AppleWebKit/537.36 (KHTML, like Gecko) Chrome/78.0.3904.108 Mobile Safari/537.36"
192.168.128.1 - - [04/Dec/2019:12:51:02 +0000] "GET /lhls/audio/English/media_0.m3u8 HTTP/1.1" 200 341 "http://localhost:8080/lhls/desktop.html" "Mozilla/5.0 (X11; Linux x86_64) AppleWebKit/537.36 (KHTML, like Gecko) Chrome/78.0.3904.108 Safari/537.36"
192.168.210.126 - - [04/Dec/2019:12:51:02 +0000] "GET /lhls/audio/English/media_0.m3u8 HTTP/1.1" 304 - "http://192.168.210.90:8080/lhls/" "Mozilla/5.0 (Linux; Android 9; SM-G950F) AppleWebKit/537.36 (KHTML, like Gecko) Chrome/78.0.3904.108 Mobile Safari/537.36"
192.168.128.1 - - [04/Dec/2019:12:51:02 +0000] "GET /lhls/audio/English/media_0.m3u8 HTTP/1.1" 200 341 "http://localhost:8080/lhls/desktop.html" "Mozilla/5.0 (X11; Linux x86_64) AppleWebKit/537.36 (KHTML, like Gecko) Chrome/78.0.3904.108 Safari/537.36"
192.168.210.126 - - [04/Dec/2019:12:51:02 +0000] "GET /lhls/channels.php?callback=jpstat HTTP/1.1" 200 334 "http://192.168.210.90:8080/lhls/" "Mozilla/5.0 (Linux; Android 9; SM-G950F) AppleWebKit/537.36 (KHTML, like Gecko) Chrome/78.0.3904.108 Mobile Safari/537.36"
192.168.210.126 - - [04/Dec/2019:12:51:02 +0000] "GET /lhls/audio/English/media_0.m3u8 HTTP/1.1" 304 - "http://192.168.210.90:8080/lhls/" "Mozilla/5.0 (Linux; Android 9; SM-G950F) AppleWebKit/537.36 (KHTML, like Gecko) Chrome/78.0.3904.108 Mobile Safari/537.36"
192.168.128.1 - - [04/Dec/2019:12:51:03 +0000] "GET /lhls/audio/English/media_0.m3u8 HTTP/1.1" 200 341 "http://localhost:8080/lhls/desktop.html" "Mozilla/5.0 (X11; Linux x86_64) AppleWebKit/537.36 (KHTML, like Gecko) Chrome/78.0.3904.108 Safari/537.36"
192.168.210.126 - - [04/Dec/2019:12:51:03 +0000] "GET /lhls/audio/English/media_0.m3u8 HTTP/1.1" 304 - "http://192.168.210.90:8080/lhls/" "Mozilla/5.0 (Linux; Android 9; SM-G950F) AppleWebKit/537.36 (KHTML, like Gecko) Chrome/78.0.3904.108 Mobile Safari/537.36"
127.0.0.1 - - [04/Dec/2019:12:51:03 +0000] "OPTIONS * HTTP/1.0" 200 - "-" "Apache/2.4.41 (Unix) PHP/7.3.11 (internal dummy connection)"
192.168.128.1 - - [04/Dec/2019:12:51:03 +0000] "GET /lhls/audio/English/media_0.m3u8 HTTP/1.1" 200 341 "http://localhost:8080/lhls/desktop.html" "Mozilla/5.0 (X11; Linux x86_64) AppleWebKit/537.36 (KHTML, like Gecko) Chrome/78.0.3904.108 Safari/537.36"
192.168.210.126 - - [04/Dec/2019:12:51:03 +0000] "GET /lhls/audio/English/media_0.m3u8 HTTP/1.1" 304 - "http://192.168.210.90:8080/lhls/" "Mozilla/5.0 (Linux; Android 9; SM-G950F) AppleWebKit/537.36 (KHTML, like Gecko) Chrome/78.0.3904.108 Mobile Safari/537.36"
192.168.128.1 - - [04/Dec/2019:12:51:03 +0000] "GET /lhls/audio/English/media_0.m3u8 HTTP/1.1" 200 341 "http://localhost:8080/lhls/desktop.html" "Mozilla/5.0 (X11; Linux x86_64) AppleWebKit/537.36 (KHTML, like Gecko) Chrome/78.0.3904.108 Safari/537.36"
192.168.210.126 - - [04/Dec/2019:12:51:03 +0000] "GET /lhls/audio/English/media_0.m3u8 HTTP/1.1" 304 - "http://192.168.210.90:8080/lhls/" "Mozilla/5.0 (Linux; Android 9; SM-G950F) AppleWebKit/537.36 (KHTML, like Gecko) Chrome/78.0.3904.108 Mobile Safari/537.36"
192.168.128.1 - - [04/Dec/2019:12:51:03 +0000] "GET /lhls/audio/English/media_0.m3u8 HTTP/1.1" 200 341 "http://localhost:8080/lhls/desktop.html" "Mozilla/5.0 (X11; Linux x86_64) AppleWebKit/537.36 (KHTML, like Gecko) Chrome/78.0.3904.108 Safari/537.36"
192.168.210.126 - - [04/Dec/2019:12:51:04 +0000] "GET /lhls/audio/English/media_0.m3u8 HTTP/1.1" 304 - "http://192.168.210.90:8080/lhls/" "Mozilla/5.0 (Linux; Android 9; SM-G950F) AppleWebKit/537.36 (KHTML, like Gecko) Chrome/78.0.3904.108 Mobile Safari/537.36"
192.168.128.1 - - [04/Dec/2019:12:51:04 +0000] "GET /lhls/audio/English/media_0.m3u8 HTTP/1.1" 200 341 "http://localhost:8080/lhls/desktop.html" "Mozilla/5.0 (X11; Linux x86_64) AppleWebKit/537.36 (KHTML, like Gecko) Chrome/78.0.3904.108 Safari/537.36"
192.168.210.126 - - [04/Dec/2019:12:51:04 +0000] "GET /lhls/audio/English/media_0.m3u8 HTTP/1.1" 304 - "http://192.168.210.90:8080/lhls/" "Mozilla/5.0 (Linux; Android 9; SM-G950F) AppleWebKit/537.36 (KHTML, like Gecko) Chrome/78.0.3904.108 Mobile Safari/537.36"
192.168.128.1 - - [04/Dec/2019:12:51:04 +0000] "GET /lhls/audio/English/media_0.m3u8 HTTP/1.1" 200 341 "http://localhost:8080/lhls/desktop.html" "Mozilla/5.0 (X11; Linux x86_64) AppleWebKit/537.36 (KHTML, like Gecko) Chrome/78.0.3904.108 Safari/537.36"
192.168.210.126 - - [04/Dec/2019:12:51:04 +0000] "GET /lhls/audio/English/media_0.m3u8 HTTP/1.1" 304 - "http://192.168.210.90:8080/lhls/" "Mozilla/5.0 (Linux; Android 9; SM-G950F) AppleWebKit/537.36 (KHTML, like Gecko) Chrome/78.0.3904.108 Mobile Safari/537.36"
192.168.128.1 - - [04/Dec/2019:12:51:04 +0000] "GET /lhls/audio/English/media_0.m3u8 HTTP/1.1" 200 341 "http://localhost:8080/lhls/desktop.html" "Mozilla/5.0 (X11; Linux x86_64) AppleWebKit/537.36 (KHTML, like Gecko) Chrome/78.0.3904.108 Safari/537.36"
192.168.210.126 - - [04/Dec/2019:12:51:04 +0000] "GET /lhls/audio/English/media_0.m3u8 HTTP/1.1" 304 - "http://192.168.210.90:8080/lhls/" "Mozilla/5.0 (Linux; Android 9; SM-G950F) AppleWebKit/537.36 (KHTML, like Gecko) Chrome/78.0.3904.108 Mobile Safari/537.36"
192.168.128.1 - - [04/Dec/2019:12:51:04 +0000] "GET /lhls/audio/English/media_0.m3u8 HTTP/1.1" 200 341 "http://localhost:8080/lhls/desktop.html" "Mozilla/5.0 (X11; Linux x86_64) AppleWebKit/537.36 (KHTML, like Gecko) Chrome/78.0.3904.108 Safari/537.36"
192.168.128.1 - - [04/Dec/2019:12:51:05 +0000] "GET /lhls/audio/English/media_0.m3u8 HTTP/1.1" 200 341 "http://localhost:8080/lhls/desktop.html" "Mozilla/5.0 (X11; Linux x86_64) AppleWebKit/537.36 (KHTML, like Gecko) Chrome/78.0.3904.108 Safari/537.36"
192.168.210.126 - - [04/Dec/2019:12:51:05 +0000] "GET /lhls/audio/English/media_0.m3u8 HTTP/1.1" 304 - "http://192.168.210.90:8080/lhls/" "Mozilla/5.0 (Linux; Android 9; SM-G950F) AppleWebKit/537.36 (KHTML, like Gecko) Chrome/78.0.3904.108 Mobile Safari/537.36"
192.168.128.1 - - [04/Dec/2019:12:51:05 +0000] "GET /lhls/audio/English/media_0.m3u8 HTTP/1.1" 200 341 "http://localhost:8080/lhls/desktop.html" "Mozilla/5.0 (X11; Linux x86_64) AppleWebKit/537.36 (KHTML, like Gecko) Chrome/78.0.3904.108 Safari/537.36"
192.168.210.126 - - [04/Dec/2019:12:51:05 +0000] "GET /lhls/audio/English/media_0.m3u8 HTTP/1.1" 304 - "http://192.168.210.90:8080/lhls/" "Mozilla/5.0 (Linux; Android 9; SM-G950F) AppleWebKit/537.36 (KHTML, like Gecko) Chrome/78.0.3904.108 Mobile Safari/537.36"
192.168.128.2 - - [04/Dec/2019:12:50:55 +0000] "PUT /lhls/audio/English/chunk-stream0-00429.m4s HTTP/1.1" 200 2 "-" "Lavf/58.35.101"
192.168.128.2 - - [04/Dec/2019:12:51:05 +0000] "DELETE /lhls/audio/English/chunk-stream0-00423.m4s HTTP/1.1" 200 2 "-" "Lavf/58.35.101"
192.168.128.2 - - [04/Dec/2019:12:51:05 +0000] "DELETE /lhls/audio/English/chunk-stream0-00424.m4s HTTP/1.1" 200 2 "-" "Lavf/58.35.101"
192.168.128.2 - - [04/Dec/2019:12:51:05 +0000] "DELETE /lhls/audio/English/chunk-stream0-00425.m4s HTTP/1.1" 200 2 "-" "Lavf/58.35.101"
192.168.128.2 - - [04/Dec/2019:12:51:05 +0000] "DELETE /lhls/audio/English/chunk-stream0-00426.m4s HTTP/1.1" 200 2 "-" "Lavf/58.35.101"
192.168.128.2 - - [04/Dec/2019:12:51:05 +0000] "DELETE /lhls/audio/English/chunk-stream0-00427.m4s HTTP/1.1" 200 2 "-" "Lavf/58.35.101"
192.168.128.2 - - [04/Dec/2019:12:51:05 +0000] "DELETE /lhls/audio/English/chunk-stream0-00428.m4s HTTP/1.1" 200 2 "-" "Lavf/58.35.101"
192.168.128.2 - - [04/Dec/2019:12:51:05 +0000] "DELETE /lhls/audio/English/chunk-stream0-00429.m4s HTTP/1.1" 200 2 "-" "Lavf/58.35.101"
192.168.128.2 - - [04/Dec/2019:12:51:05 +0000] "DELETE /lhls/audio/English/init-stream0.m4s HTTP/1.1" 200 2 "-" "Lavf/58.35.101"
192.168.128.2 - - [04/Dec/2019:12:51:05 +0000] "DELETE /lhls/audio/English/media_0.m3u8 HTTP/1.1" 200 2 "-" "Lavf/58.35.101"
192.168.128.2 - - [04/Dec/2019:12:51:05 +0000] "DELETE /lhls/audio/English/manifest.mpd HTTP/1.1" 200 2 "-" "Lavf/58.35.101"
192.168.128.2 - - [04/Dec/2019:12:51:05 +0000] "DELETE /lhls/audio/English/master.m3u8 HTTP/1.1" 200 2 "-" "Lavf/58.35.101"
192.168.128.1 - - [04/Dec/2019:12:51:05 +0000] "GET /lhls/audio/English/media_0.m3u8 HTTP/1.1" 404 271 "http://localhost:8080/lhls/desktop.html" "Mozilla/5.0 (X11; Linux x86_64) AppleWebKit/537.36 (KHTML, like Gecko) Chrome/78.0.3904.108 Safari/537.36"
192.168.210.126 - - [04/Dec/2019:12:51:05 +0000] "GET /lhls/audio/English/media_0.m3u8 HTTP/1.1" 404 276 "http://192.168.210.90:8080/lhls/" "Mozilla/5.0 (Linux; Android 9; SM-G950F) AppleWebKit/537.36 (KHTML, like Gecko) Chrome/78.0.3904.108 Mobile Safari/537.36"
192.168.128.1 - - [04/Dec/2019:12:51:06 +0000] "GET /lhls/channels.php?callback=jpstat HTTP/1.1" 200 337 "http://localhost:8080/lhls/desktop.html" "Mozilla/5.0 (X11; Linux x86_64) AppleWebKit/537.36 (KHTML, like Gecko) Chrome/78.0.3904.108 Safari/537.36"
127.0.0.1 - - [04/Dec/2019:12:51:06 +0000] "OPTIONS * HTTP/1.0" 200 - "-" "Apache/2.4.41 (Unix) PHP/7.3.11 (internal dummy connection)"
192.168.128.1 - - [04/Dec/2019:12:51:06 +0000] "GET /lhls/audio/English/media_0.m3u8 HTTP/1.1" 404 271 "http://localhost:8080/lhls/desktop.html" "Mozilla/5.0 (X11; Linux x86_64) AppleWebKit/537.36 (KHTML, like Gecko) Chrome/78.0.3904.108 Safari/537.36"
192.168.210.126 - - [04/Dec/2019:12:51:06 +0000] "GET /lhls/audio/English/media_0.m3u8 HTTP/1.1" 404 276 "http://192.168.210.90:8080/lhls/" "Mozilla/5.0 (Linux; Android 9; SM-G950F) AppleWebKit/537.36 (KHTML, like Gecko) Chrome/78.0.3904.108 Mobile Safari/537.36"
192.168.210.126 - - [04/Dec/2019:12:51:07 +0000] "GET /lhls/channels.php?callback=jpstat HTTP/1.1" 200 335 "http://192.168.210.90:8080/lhls/" "Mozilla/5.0 (Linux; Android 9; SM-G950F) AppleWebKit/537.36 (KHTML, like Gecko) Chrome/78.0.3904.108 Mobile Safari/537.36"
192.168.128.1 - - [04/Dec/2019:12:51:08 +0000] "GET /lhls/audio/English/media_0.m3u8 HTTP/1.1" 404 271 "http://localhost:8080/lhls/desktop.html" "Mozilla/5.0 (X11; Linux x86_64) AppleWebKit/537.36 (KHTML, like Gecko) Chrome/78.0.3904.108 Safari/537.36"
192.168.210.126 - - [04/Dec/2019:12:51:08 +0000] "GET /lhls/audio/English/media_0.m3u8 HTTP/1.1" 404 276 "http://192.168.210.90:8080/lhls/" "Mozilla/5.0 (Linux; Android 9; SM-G950F) AppleWebKit/537.36 (KHTML, like Gecko) Chrome/78.0.3904.108 Mobile Safari/537.36"
192.168.128.1 - - [04/Dec/2019:12:51:11 +0000] "GET /lhls/channels.php?callback=jpstat HTTP/1.1" 200 337 "http://localhost:8080/lhls/desktop.html" "Mozilla/5.0 (X11; Linux x86_64) AppleWebKit/537.36 (KHTML, like Gecko) Chrome/78.0.3904.108 Safari/537.36"
192.168.128.1 - - [04/Dec/2019:12:51:12 +0000] "GET /lhls/audio/English/media_0.m3u8 HTTP/1.1" 404 271 "http://localhost:8080/lhls/desktop.html" "Mozilla/5.0 (X11; Linux x86_64) AppleWebKit/537.36 (KHTML, like Gecko) Chrome/78.0.3904.108 Safari/537.36"
192.168.210.126 - - [04/Dec/2019:12:51:12 +0000] "GET /lhls/audio/English/media_0.m3u8 HTTP/1.1" 404 276 "http://192.168.210.90:8080/lhls/" "Mozilla/5.0 (Linux; Android 9; SM-G950F) AppleWebKit/537.36 (KHTML, like Gecko) Chrome/78.0.3904.108 Mobile Safari/537.36"
192.168.210.126 - - [04/Dec/2019:12:51:12 +0000] "GET /lhls/channels.php?callback=jpstat HTTP/1.1" 200 335 "http://192.168.210.90:8080/lhls/" "Mozilla/5.0 (Linux; Android 9; SM-G950F) AppleWebKit/537.36 (KHTML, like Gecko) Chrome/78.0.3904.108 Mobile Safari/537.36"
192.168.128.2 - - [04/Dec/2019:12:51:15 +0000] "PUT /lhls/audio/English/init-stream0.m4s HTTP/1.1" 200 2 "-" "Lavf/58.35.101"
192.168.128.2 - - [04/Dec/2019:12:51:15 +0000] "PUT /lhls/audio/English/chunk-stream0-00001.m4s HTTP/1.1" 200 2 "-" "Lavf/58.35.101"
192.168.128.2 - - [04/Dec/2019:12:51:15 +0000] "PUT /lhls/audio/English/manifest.mpd HTTP/1.1" 200 2 "-" "Lavf/58.35.101"
192.168.128.2 - - [04/Dec/2019:12:51:15 +0000] "PUT /lhls/audio/English/master.m3u8 HTTP/1.1" 200 2 "-" "Lavf/58.35.101"
192.168.128.2 - - [04/Dec/2019:12:51:15 +0000] "PUT /lhls/audio/English/media_0.m3u8 HTTP/1.1" 200 2 "-" "Lavf/58.35.101"
192.168.128.2 - - [04/Dec/2019:12:51:16 +0000] "PUT /lhls/audio/English/manifest.mpd HTTP/1.1" 200 2 "-" "Lavf/58.35.101"
192.168.128.2 - - [04/Dec/2019:12:51:16 +0000] "PUT /lhls/audio/English/master.m3u8 HTTP/1.1" 200 2 "-" "Lavf/58.35.101"
192.168.128.2 - - [04/Dec/2019:12:51:16 +0000] "PUT /lhls/audio/English/media_0.m3u8 HTTP/1.1" 200 2 "-" "Lavf/58.35.101"
192.168.128.1 - - [04/Dec/2019:12:51:16 +0000] "GET /lhls/channels.php?callback=jpstat HTTP/1.1" 200 336 "http://localhost:8080/lhls/desktop.html" "Mozilla/5.0 (X11; Linux x86_64) AppleWebKit/537.36 (KHTML, like Gecko) Chrome/78.0.3904.108 Safari/537.36"
192.168.128.2 - - [04/Dec/2019:12:51:16 +0000] "PUT /lhls/audio/English/manifest.mpd HTTP/1.1" 200 2 "-" "Lavf/58.35.101"
192.168.128.2 - - [04/Dec/2019:12:51:16 +0000] "PUT /lhls/audio/English/master.m3u8 HTTP/1.1" 200 2 "-" "Lavf/58.35.101"
192.168.128.2 - - [04/Dec/2019:12:51:16 +0000] "PUT /lhls/audio/English/media_0.m3u8 HTTP/1.1" 200 2 "-" "Lavf/58.35.101"
192.168.128.2 - - [04/Dec/2019:12:51:17 +0000] "PUT /lhls/audio/English/manifest.mpd HTTP/1.1" 200 2 "-" "Lavf/58.35.101"
192.168.128.2 - - [04/Dec/2019:12:51:17 +0000] "PUT /lhls/audio/English/master.m3u8 HTTP/1.1" 200 2 "-" "Lavf/58.35.101"
192.168.128.2 - - [04/Dec/2019:12:51:17 +0000] "PUT /lhls/audio/English/media_0.m3u8 HTTP/1.1" 200 2 "-" "Lavf/58.35.101"
192.168.128.2 - - [04/Dec/2019:12:51:17 +0000] "PUT /lhls/audio/English/manifest.mpd HTTP/1.1" 200 2 "-" "Lavf/58.35.101"
192.168.128.2 - - [04/Dec/2019:12:51:17 +0000] "PUT /lhls/audio/English/master.m3u8 HTTP/1.1" 200 2 "-" "Lavf/58.35.101"
192.168.128.2 - - [04/Dec/2019:12:51:17 +0000] "PUT /lhls/audio/English/media_0.m3u8 HTTP/1.1" 200 2 "-" "Lavf/58.35.101"
192.168.210.126 - - [04/Dec/2019:12:51:17 +0000] "GET /lhls/channels.php?callback=jpstat HTTP/1.1" 200 334 "http://192.168.210.90:8080/lhls/" "Mozilla/5.0 (Linux; Android 9; SM-G950F) AppleWebKit/537.36 (KHTML, like Gecko) Chrome/78.0.3904.108 Mobile Safari/537.36"
192.168.210.126 - - [04/Dec/2019:12:51:17 +0000] "GET /lhls/audio/English/media_0.m3u8 HTTP/1.1" 200 339 "http://192.168.210.90:8080/lhls/" "Mozilla/5.0 (Linux; Android 9; SM-G950F) AppleWebKit/537.36 (KHTML, like Gecko) Chrome/78.0.3904.108 Mobile Safari/537.36"
192.168.210.126 - - [04/Dec/2019:12:51:17 +0000] "GET /lhls/audio/English/chunk-stream0-00427.m4s HTTP/1.1" 404 276 "http://192.168.210.90:8080/lhls/" "Mozilla/5.0 (Linux; Android 9; SM-G950F) AppleWebKit/537.36 (KHTML, like Gecko) Chrome/78.0.3904.108 Mobile Safari/537.36"
192.168.210.126 - - [04/Dec/2019:12:51:18 +0000] "GET /lhls/audio/English/media_0.m3u8 HTTP/1.1" 304 - "http://192.168.210.90:8080/lhls/" "Mozilla/5.0 (Linux; Android 9; SM-G950F) AppleWebKit/537.36 (KHTML, like Gecko) Chrome/78.0.3904.108 Mobile Safari/537.36"
192.168.210.126 - - [04/Dec/2019:12:51:18 +0000] "GET /lhls/audio/English/init-stream0.m4s HTTP/1.1" 200 740 "http://192.168.210.90:8080/lhls/" "Mozilla/5.0 (Linux; Android 9; SM-G950F) AppleWebKit/537.36 (KHTML, like Gecko) Chrome/78.0.3904.108 Mobile Safari/537.36"
192.168.210.126 - - [04/Dec/2019:12:51:18 +0000] "GET /lhls/audio/English/chunk-stream0-00004.m4s HTTP/1.1" 200 2735 "http://192.168.210.90:8080/lhls/" "Mozilla/5.0 (Linux; Android 9; SM-G950F) AppleWebKit/537.36 (KHTML, like Gecko) Chrome/78.0.3904.108 Mobile Safari/537.36"
192.168.210.126 - - [04/Dec/2019:12:51:18 +0000] "GET /lhls/audio/English/chunk-stream0-00005.m4s HTTP/1.1" 200 2761 "http://192.168.210.90:8080/lhls/" "Mozilla/5.0 (Linux; Android 9; SM-G950F) AppleWebKit/537.36 (KHTML, like Gecko) Chrome/78.0.3904.108 Mobile Safari/537.36"
192.168.128.2 - - [04/Dec/2019:12:51:18 +0000] "PUT /lhls/audio/English/manifest.mpd HTTP/1.1" 200 2 "-" "Lavf/58.35.101"
192.168.128.2 - - [04/Dec/2019:12:51:18 +0000] "PUT /lhls/audio/English/master.m3u8 HTTP/1.1" 200 2 "-" "Lavf/58.35.101"
192.168.128.2 - - [04/Dec/2019:12:51:18 +0000] "PUT /lhls/audio/English/media_0.m3u8 HTTP/1.1" 200 2 "-" "Lavf/58.35.101"
192.168.210.126 - - [04/Dec/2019:12:51:18 +0000] "GET /lhls/audio/English/media_0.m3u8 HTTP/1.1" 200 339 "http://192.168.210.90:8080/lhls/" "Mozilla/5.0 (Linux; Android 9; SM-G950F) AppleWebKit/537.36 (KHTML, like Gecko) Chrome/78.0.3904.108 Mobile Safari/537.36"
192.168.210.126 - - [04/Dec/2019:12:51:18 +0000] "GET /lhls/audio/English/chunk-stream0-00006.m4s HTTP/1.1" 200 2731 "http://192.168.210.90:8080/lhls/" "Mozilla/5.0 (Linux; Android 9; SM-G950F) AppleWebKit/537.36 (KHTML, like Gecko) Chrome/78.0.3904.108 Mobile Safari/537.36"
192.168.210.126 - - [04/Dec/2019:12:51:18 +0000] "GET /lhls/audio/English/media_0.m3u8 HTTP/1.1" 304 - "http://192.168.210.90:8080/lhls/" "Mozilla/5.0 (Linux; Android 9; SM-G950F) AppleWebKit/537.36 (KHTML, like Gecko) Chrome/78.0.3904.108 Mobile Safari/537.36"
192.168.128.2 - - [04/Dec/2019:12:51:15 +0000] "PUT /lhls/audio/English/chunk-stream0-00002.m4s HTTP/1.1" 200 2 "-" "Lavf/58.35.101"
192.168.128.2 - - [04/Dec/2019:12:51:16 +0000] "PUT /lhls/audio/English/chunk-stream0-00003.m4s HTTP/1.1" 200 2 "-" "Lavf/58.35.101"
192.168.128.2 - - [04/Dec/2019:12:51:16 +0000] "PUT /lhls/audio/English/chunk-stream0-00004.m4s HTTP/1.1" 200 2 "-" "Lavf/58.35.101"
192.168.128.2 - - [04/Dec/2019:12:51:17 +0000] "PUT /lhls/audio/English/chunk-stream0-00005.m4s HTTP/1.1" 200 2 "-" "Lavf/58.35.101"
192.168.128.2 - - [04/Dec/2019:12:51:17 +0000] "PUT /lhls/audio/English/chunk-stream0-00006.m4s HTTP/1.1" 200 2 "-" "Lavf/58.35.101"
192.168.128.2 - - [04/Dec/2019:12:51:18 +0000] "PUT /lhls/audio/English/chunk-stream0-00007.m4s HTTP/1.1" 200 2 "-" "Lavf/58.35.101"
192.168.128.2 - - [04/Dec/2019:12:51:18 +0000] "DELETE /lhls/audio/English/chunk-stream0-00001.m4s HTTP/1.1" 200 2 "-" "Lavf/58.35.101"
192.168.128.2 - - [04/Dec/2019:12:51:18 +0000] "PUT /lhls/audio/English/manifest.mpd HTTP/1.1" 200 2 "-" "Lavf/58.35.101"
192.168.128.2 - - [04/Dec/2019:12:51:18 +0000] "PUT /lhls/audio/English/master.m3u8 HTTP/1.1" 200 2 "-" "Lavf/58.35.101"
192.168.128.2 - - [04/Dec/2019:12:51:18 +0000] "PUT /lhls/audio/English/media_0.m3u8 HTTP/1.1" 200 2 "-" "Lavf/58.35.101"
192.168.210.126 - - [04/Dec/2019:12:51:18 +0000] "GET /lhls/audio/English/media_0.m3u8 HTTP/1.1" 200 339 "http://192.168.210.90:8080/lhls/" "Mozilla/5.0 (Linux; Android 9; SM-G950F) AppleWebKit/537.36 (KHTML, like Gecko) Chrome/78.0.3904.108 Mobile Safari/537.36"
192.168.210.126 - - [04/Dec/2019:12:51:18 +0000] "GET /lhls/audio/English/chunk-stream0-00007.m4s HTTP/1.1" 200 2743 "http://192.168.210.90:8080/lhls/" "Mozilla/5.0 (Linux; Android 9; SM-G950F) AppleWebKit/537.36 (KHTML, like Gecko) Chrome/78.0.3904.108 Mobile Safari/537.36"
192.168.210.126 - - [04/Dec/2019:12:51:18 +0000] "GET /lhls/audio/English/media_0.m3u8 HTTP/1.1" 304 - "http://192.168.210.90:8080/lhls/" "Mozilla/5.0 (Linux; Android 9; SM-G950F) AppleWebKit/537.36 (KHTML, like Gecko) Chrome/78.0.3904.108 Mobile Safari/537.36"
192.168.210.126 - - [04/Dec/2019:12:51:19 +0000] "GET /lhls/audio/English/media_0.m3u8 HTTP/1.1" 304 - "http://192.168.210.90:8080/lhls/" "Mozilla/5.0 (Linux; Android 9; SM-G950F) AppleWebKit/537.36 (KHTML, like Gecko) Chrome/78.0.3904.108 Mobile Safari/537.36"
192.168.128.2 - - [04/Dec/2019:12:51:18 +0000] "PUT /lhls/audio/English/chunk-stream0-00008.m4s HTTP/1.1" 200 2 "-" "Lavf/58.35.101"
192.168.128.2 - - [04/Dec/2019:12:51:19 +0000] "DELETE /lhls/audio/English/chunk-stream0-00002.m4s HTTP/1.1" 200 2 "-" "Lavf/58.35.101"
192.168.128.2 - - [04/Dec/2019:12:51:19 +0000] "PUT /lhls/audio/English/manifest.mpd HTTP/1.1" 200 2 "-" "Lavf/58.35.101"
192.168.128.2 - - [04/Dec/2019:12:51:19 +0000] "PUT /lhls/audio/English/master.m3u8 HTTP/1.1" 200 2 "-" "Lavf/58.35.101"
192.168.128.2 - - [04/Dec/2019:12:51:19 +0000] "PUT /lhls/audio/English/media_0.m3u8 HTTP/1.1" 200 2 "-" "Lavf/58.35.101"
192.168.210.126 - - [04/Dec/2019:12:51:19 +0000] "GET /lhls/audio/English/media_0.m3u8 HTTP/1.1" 200 339 "http://192.168.210.90:8080/lhls/" "Mozilla/5.0 (Linux; Android 9; SM-G950F) AppleWebKit/537.36 (KHTML, like Gecko) Chrome/78.0.3904.108 Mobile Safari/537.36"
192.168.210.126 - - [04/Dec/2019:12:51:19 +0000] "GET /lhls/audio/English/chunk-stream0-00008.m4s HTTP/1.1" 200 2750 "http://192.168.210.90:8080/lhls/" "Mozilla/5.0 (Linux; Android 9; SM-G950F) AppleWebKit/537.36 (KHTML, like Gecko) Chrome/78.0.3904.108 Mobile Safari/537.36"
192.168.210.126 - - [04/Dec/2019:12:51:19 +0000] "GET /lhls/audio/English/media_0.m3u8 HTTP/1.1" 304 - "http://192.168.210.90:8080/lhls/" "Mozilla/5.0 (Linux; Android 9; SM-G950F) AppleWebKit/537.36 (KHTML, like Gecko) Chrome/78.0.3904.108 Mobile Safari/537.36"
192.168.210.126 - - [04/Dec/2019:12:51:19 +0000] "GET /lhls/audio/English/media_0.m3u8 HTTP/1.1" 304 - "http://192.168.210.90:8080/lhls/" "Mozilla/5.0 (Linux; Android 9; SM-G950F) AppleWebKit/537.36 (KHTML, like Gecko) Chrome/78.0.3904.108 Mobile Safari/537.36"
192.168.128.2 - - [04/Dec/2019:12:51:19 +0000] "PUT /lhls/audio/English/chunk-stream0-00009.m4s HTTP/1.1" 200 2 "-" "Lavf/58.35.101"
192.168.128.2 - - [04/Dec/2019:12:51:19 +0000] "DELETE /lhls/audio/English/chunk-stream0-00003.m4s HTTP/1.1" 200 2 "-" "Lavf/58.35.101"
192.168.128.2 - - [04/Dec/2019:12:51:19 +0000] "PUT /lhls/audio/English/manifest.mpd HTTP/1.1" 200 2 "-" "Lavf/58.35.101"
192.168.128.2 - - [04/Dec/2019:12:51:19 +0000] "PUT /lhls/audio/English/master.m3u8 HTTP/1.1" 200 2 "-" "Lavf/58.35.101"
192.168.128.2 - - [04/Dec/2019:12:51:19 +0000] "PUT /lhls/audio/English/media_0.m3u8 HTTP/1.1" 200 2 "-" "Lavf/58.35.101"
192.168.210.126 - - [04/Dec/2019:12:51:19 +0000] "GET /lhls/audio/English/media_0.m3u8 HTTP/1.1" 200 339 "http://192.168.210.90:8080/lhls/" "Mozilla/5.0 (Linux; Android 9; SM-G950F) AppleWebKit/537.36 (KHTML, like Gecko) Chrome/78.0.3904.108 Mobile Safari/537.36"
192.168.210.126 - - [04/Dec/2019:12:51:19 +0000] "GET /lhls/audio/English/chunk-stream0-00009.m4s HTTP/1.1" 200 2748 "http://192.168.210.90:8080/lhls/" "Mozilla/5.0 (Linux; Android 9; SM-G950F) AppleWebKit/537.36 (KHTML, like Gecko) Chrome/78.0.3904.108 Mobile Safari/537.36"
192.168.210.126 - - [04/Dec/2019:12:51:19 +0000] "GET /lhls/audio/English/media_0.m3u8 HTTP/1.1" 304 - "http://192.168.210.90:8080/lhls/" "Mozilla/5.0 (Linux; Android 9; SM-G950F) AppleWebKit/537.36 (KHTML, like Gecko) Chrome/78.0.3904.108 Mobile Safari/537.36"
192.168.210.126 - - [04/Dec/2019:12:51:20 +0000] "GET /lhls/audio/English/media_0.m3u8 HTTP/1.1" 304 - "http://192.168.210.90:8080/lhls/" "Mozilla/5.0 (Linux; Android 9; SM-G950F) AppleWebKit/537.36 (KHTML, like Gecko) Chrome/78.0.3904.108 Mobile Safari/537.36"
192.168.128.2 - - [04/Dec/2019:12:51:19 +0000] "PUT /lhls/audio/English/chunk-stream0-00010.m4s HTTP/1.1" 200 2 "-" "Lavf/58.35.101"
